Archive member included to satisfy reference by file (symbol)

c:/intelfpga_lite/18.1/nios2eds/bin/gnu/h-x86_64-mingw32/bin/../lib/gcc/nios2-elf/5.3.0/../../../../../H-x86_64-mingw32/nios2-elf/lib/mno-hw-mul\libsmallc.a(lib_a-printf.o)
                              obj/default/hello_world.o (printf)
c:/intelfpga_lite/18.1/nios2eds/bin/gnu/h-x86_64-mingw32/bin/../lib/gcc/nios2-elf/5.3.0/../../../../../H-x86_64-mingw32/nios2-elf/lib/mno-hw-mul\libsmallc.a(lib_a-puts.o)
                              obj/default/hello_world.o (puts)
c:/intelfpga_lite/18.1/nios2eds/bin/gnu/h-x86_64-mingw32/bin/../lib/gcc/nios2-elf/5.3.0/../../../../../H-x86_64-mingw32/nios2-elf/lib/mno-hw-mul\libsmallc.a(lib_a-strlen.o)
                              c:/intelfpga_lite/18.1/nios2eds/bin/gnu/h-x86_64-mingw32/bin/../lib/gcc/nios2-elf/5.3.0/../../../../../H-x86_64-mingw32/nios2-elf/lib/mno-hw-mul\libsmallc.a(lib_a-puts.o) (strlen)
c:/intelfpga_lite/18.1/nios2eds/bin/gnu/h-x86_64-mingw32/bin/../lib/gcc/nios2-elf/5.3.0/../../../../../H-x86_64-mingw32/nios2-elf/lib/mno-hw-mul\libsmallc.a(lib_a-vfprintf.o)
                              c:/intelfpga_lite/18.1/nios2eds/bin/gnu/h-x86_64-mingw32/bin/../lib/gcc/nios2-elf/5.3.0/../../../../../H-x86_64-mingw32/nios2-elf/lib/mno-hw-mul\libsmallc.a(lib_a-printf.o) (___vfprintf_internal_r)
c:/intelfpga_lite/18.1/nios2eds/bin/gnu/h-x86_64-mingw32/bin/../lib/gcc/nios2-elf/5.3.0/../../../../../H-x86_64-mingw32/nios2-elf/lib/mno-hw-mul\libsmallc.a(lib_a-fvwrite_small_dev.o)
                              c:/intelfpga_lite/18.1/nios2eds/bin/gnu/h-x86_64-mingw32/bin/../lib/gcc/nios2-elf/5.3.0/../../../../../H-x86_64-mingw32/nios2-elf/lib/mno-hw-mul\libsmallc.a(lib_a-printf.o) (__sfvwrite_small_dev)
c:/intelfpga_lite/18.1/nios2eds/bin/gnu/h-x86_64-mingw32/bin/../lib/gcc/nios2-elf/5.3.0/../../../../../H-x86_64-mingw32/nios2-elf/lib/mno-hw-mul\libsmallc.a(lib_a-impure.o)
                              c:/intelfpga_lite/18.1/nios2eds/bin/gnu/h-x86_64-mingw32/bin/../lib/gcc/nios2-elf/5.3.0/../../../../../H-x86_64-mingw32/nios2-elf/lib/mno-hw-mul\libsmallc.a(lib_a-printf.o) (_impure_ptr)
c:/intelfpga_lite/18.1/nios2eds/bin/gnu/h-x86_64-mingw32/bin/../lib/gcc/nios2-elf/5.3.0/../../../../../H-x86_64-mingw32/nios2-elf/lib/mno-hw-mul\libsmallc.a(lib_a-writer.o)
                              c:/intelfpga_lite/18.1/nios2eds/bin/gnu/h-x86_64-mingw32/bin/../lib/gcc/nios2-elf/5.3.0/../../../../../H-x86_64-mingw32/nios2-elf/lib/mno-hw-mul\libsmallc.a(lib_a-fvwrite_small_dev.o) (_write_r)
c:/intelfpga_lite/18.1/nios2eds/bin/gnu/h-x86_64-mingw32/bin/../lib/gcc/nios2-elf/5.3.0/../../../../../H-x86_64-mingw32/nios2-elf/lib/mno-hw-mul\libsmallc.a(lib_a-int_errno.o)
                              c:/intelfpga_lite/18.1/nios2eds/bin/gnu/h-x86_64-mingw32/bin/../lib/gcc/nios2-elf/5.3.0/../../../../../H-x86_64-mingw32/nios2-elf/lib/mno-hw-mul\libsmallc.a(lib_a-writer.o) (errno)
c:/intelfpga_lite/18.1/nios2eds/bin/gnu/h-x86_64-mingw32/bin/../lib/gcc/nios2-elf/5.3.0/mno-hw-mul\libgcc.a(lib2-divmod.o)
                              c:/intelfpga_lite/18.1/nios2eds/bin/gnu/h-x86_64-mingw32/bin/../lib/gcc/nios2-elf/5.3.0/../../../../../H-x86_64-mingw32/nios2-elf/lib/mno-hw-mul\libsmallc.a(lib_a-vfprintf.o) (__udivsi3)
c:/intelfpga_lite/18.1/nios2eds/bin/gnu/h-x86_64-mingw32/bin/../lib/gcc/nios2-elf/5.3.0/mno-hw-mul\libgcc.a(lib2-mul.o)
                              c:/intelfpga_lite/18.1/nios2eds/bin/gnu/h-x86_64-mingw32/bin/../lib/gcc/nios2-elf/5.3.0/../../../../../H-x86_64-mingw32/nios2-elf/lib/mno-hw-mul\libsmallc.a(lib_a-vfprintf.o) (__mulsi3)
../vga_bsp/\libhal_bsp.a(alt_iic.o)
                              obj/default/hello_world.o (alt_ic_isr_register)
../vga_bsp/\libhal_bsp.a(alt_iic_isr_register.o)
                              ../vga_bsp/\libhal_bsp.a(alt_iic.o) (alt_iic_isr_register)
../vga_bsp/\libhal_bsp.a(alt_irq_entry.o)
                              ../vga_bsp/\libhal_bsp.a(alt_iic_isr_register.o) (alt_irq_entry)
../vga_bsp/\libhal_bsp.a(alt_irq_handler.o)
                              ../vga_bsp/\libhal_bsp.a(alt_iic_isr_register.o) (alt_irq)
../vga_bsp/\libhal_bsp.a(alt_irq_vars.o)
                              ../vga_bsp/\libhal_bsp.a(alt_iic.o) (alt_irq_active)
../vga_bsp/\libhal_bsp.a(alt_load.o)
                              ../vga_bsp//obj/HAL/src/crt0.o (alt_load)
../vga_bsp/\libhal_bsp.a(alt_main.o)
                              ../vga_bsp//obj/HAL/src/crt0.o (alt_main)
../vga_bsp/\libhal_bsp.a(alt_usleep.o)
                              obj/default/hello_world.o (usleep)
../vga_bsp/\libhal_bsp.a(alt_write.o)
                              c:/intelfpga_lite/18.1/nios2eds/bin/gnu/h-x86_64-mingw32/bin/../lib/gcc/nios2-elf/5.3.0/../../../../../H-x86_64-mingw32/nios2-elf/lib/mno-hw-mul\libsmallc.a(lib_a-writer.o) (write)
../vga_bsp/\libhal_bsp.a(alt_sys_init.o)
                              ../vga_bsp/\libhal_bsp.a(alt_main.o) (alt_irq_init)
../vga_bsp/\libhal_bsp.a(altera_avalon_i2c.o)
[...]
Memory Configuration

Name             Origin             Length             Attributes
new_sdram_controller_0 0x0000000000000000 0x0000000004000000
reset            0x0000000004010000 0x0000000000000020
onchip_memory2_0 0x0000000004010020 0x000000000000ffe0
*default*        0x0000000000000000 0xffffffffffffffff

Linker script and memory map

LOAD ../vga_bsp//obj/HAL/src/crt0.o
LOAD obj/default/hello_world.o
LOAD c:/intelfpga_lite/18.1/nios2eds/bin/gnu/h-x86_64-mingw32/bin/../lib/gcc/nios2-elf/5.3.0/../../../../../H-x86_64-mingw32/nios2-elf/lib/mno-hw-mul\libstdc++.a
LOAD c:/intelfpga_lite/18.1/nios2eds/bin/gnu/h-x86_64-mingw32/bin/../lib/gcc/nios2-elf/5.3.0/../../../../../H-x86_64-mingw32/nios2-elf/lib/mno-hw-mul\libm.a
LOAD c:/intelfpga_lite/18.1/nios2eds/bin/gnu/h-x86_64-mingw32/bin/../lib/gcc/nios2-elf/5.3.0/mno-hw-mul\libgcc.a
START GROUP
LOAD c:/intelfpga_lite/18.1/nios2eds/bin/gnu/h-x86_64-mingw32/bin/../lib/gcc/nios2-elf/5.3.0/../../../../../H-x86_64-mingw32/nios2-elf/lib/mno-hw-mul\libsmallc.a
LOAD c:/intelfpga_lite/18.1/nios2eds/bin/gnu/h-x86_64-mingw32/bin/../lib/gcc/nios2-elf/5.3.0/mno-hw-mul\libgcc.a
LOAD ../vga_bsp/\libhal_bsp.a
LOAD c:/intelfpga_lite/18.1/nios2eds/bin/gnu/h-x86_64-mingw32/bin/../lib/gcc/nios2-elf/5.3.0/../../../../../H-x86_64-mingw32/nios2-elf/lib/mno-hw-mul\libm.a
END GROUP
LOAD c:/intelfpga_lite/18.1/nios2eds/bin/gnu/h-x86_64-mingw32/bin/../lib/gcc/nios2-elf/5.3.0/mno-hw-mul\libgcc.a
                0x0000000000000000                __alt_mem_new_sdram_controller_0 = 0x0
                0x0000000004010000                __alt_mem_onchip_memory2_0 = 0x4010000

.entry          0x0000000004010000       0x20
 *(.entry)
 .entry         0x0000000004010000       0x20 ../vga_bsp//obj/HAL/src/crt0.o
                0x0000000004010000                __reset

.exceptions     0x0000000004010020      0x210
                0x0000000004010020                PROVIDE (__ram_exceptions_start, ABSOLUTE (.))
                0x0000000004010020                . = ALIGN (0x20)
 *(.irq)
 *(.exceptions.entry.label)
 .exceptions.entry.label
                0x0000000004010020        0x0 ../vga_bsp/\libhal_bsp.a(alt_irq_entry.o)
                0x0000000004010020                alt_irq_entry
 .exceptions.entry.label
                0x0000000004010020        0x0 ../vga_bsp/\libhal_bsp.a(alt_exception_entry.o)
                0x0000000004010020                alt_exception
 *(.exceptions.entry.user)
 *(.exceptions.entry.ecc_fatal)
 *(.exceptions.entry)
 .exceptions.entry
                0x0000000004010020       0x54 ../vga_bsp/\libhal_bsp.a(alt_exception_entry.o)
 *(.exceptions.irqtest.user)
 *(.exceptions.irqtest)
 .exceptions.irqtest
                0x0000000004010074       0x10 ../vga_bsp/\libhal_bsp.a(alt_irq_entry.o)
 *(.exceptions.irqhandler.user)
 *(.exceptions.irqhandler)
 .exceptions.irqhandler
                0x0000000004010084        0x4 ../vga_bsp/\libhal_bsp.a(alt_irq_entry.o)
 *(.exceptions.irqreturn.user)
 *(.exceptions.irqreturn)
 .exceptions.irqreturn
                0x0000000004010088        0x4 ../vga_bsp/\libhal_bsp.a(alt_irq_entry.o)
 *(.exceptions.notirq.label)
 .exceptions.notirq.label
                0x000000000401008c        0x0 ../vga_bsp/\libhal_bsp.a(alt_irq_entry.o)
 *(.exceptions.notirq.user)
 *(.exceptions.notirq)
 .exceptions.notirq
                0x000000000401008c        0x8 ../vga_bsp/\libhal_bsp.a(alt_exception_entry.o)
 *(.exceptions.soft.user)
 *(.exceptions.soft)
 *(.exceptions.unknown.user)
 *(.exceptions.unknown)
 .exceptions.unknown
                0x0000000004010094       0x14 ../vga_bsp/\libhal_bsp.a(alt_exception_entry.o)
 *(.exceptions.exit.label)
 .exceptions.exit.label
                0x00000000040100a8        0x0 ../vga_bsp/\libhal_bsp.a(alt_irq_entry.o)
 .exceptions.exit.label
                0x00000000040100a8        0x0 ../vga_bsp/\libhal_bsp.a(alt_exception_entry.o)
 *(.exceptions.exit.user)
 *(.exceptions.exit)
 .exceptions.exit
                0x00000000040100a8       0x54 ../vga_bsp/\libhal_bsp.a(alt_exception_entry.o)
 *(.exceptions)
 .exceptions    0x00000000040100fc       0xd4 ../vga_bsp/\libhal_bsp.a(alt_irq_handler.o)
                0x00000000040100fc                alt_irq_handler
 .exceptions    0x00000000040101d0       0x60 ../vga_bsp/\libhal_bsp.a(alt_instruction_exception_entry.o)
                0x00000000040101d0                alt_instruction_exception_entry
                0x0000000004010230                PROVIDE (__ram_exceptions_end, ABSOLUTE (.))
                0x0000000004010020                PROVIDE (__flash_exceptions_start, LOADADDR (.exceptions))

.text           0x0000000004010230     0x50f4
                [!provide]                        PROVIDE (stext, ABSOLUTE (.))
 *(.interp)
 *(.hash)
 *(.dynsym)
 *(.dynstr)
 *(.gnu.version)
 *(.gnu.version_d)
 *(.gnu.version_r)
 *(.rel.init)
 *(.rela.init)
 *(.rel.text .rel.text.* .rel.gnu.linkonce.t.*)
 *(.rela.text .rela.text.* .rela.gnu.linkonce.t.*)
 *(.rel.fini)
 *(.rela.fini)
 *(.rel.rodata .rel.rodata.* .rel.gnu.linkonce.r.*)
 *(.rela.rodata .rela.rodata.* .rela.gnu.linkonce.r.*)
 *(.rel.data .rel.data.* .rel.gnu.linkonce.d.*)
 *(.rela.data .rela.data.* .rela.gnu.linkonce.d.*)
 *(.rel.tdata .rel.tdata.* .rel.gnu.linkonce.td.*)
 *(.rela.tdata .rela.tdata.* .rela.gnu.linkonce.td.*)
 *(.rel.tbss .rel.tbss.* .rel.gnu.linkonce.tb.*)
 *(.rela.tbss .rela.tbss.* .rela.gnu.linkonce.tb.*)
 *(.rel.ctors)
 *(.rela.ctors)
 *(.rel.dtors)
 *(.rela.dtors)
 *(.rel.got)
 *(.rela.got)
 *(.rel.sdata .rel.sdata.* .rel.gnu.linkonce.s.*)
 *(.rela.sdata .rela.sdata.* .rela.gnu.linkonce.s.*)
 *(.rel.sbss .rel.sbss.* .rel.gnu.linkonce.sb.*)
 *(.rela.sbss .rela.sbss.* .rela.gnu.linkonce.sb.*)
 *(.rel.sdata2 .rel.sdata2.* .rel.gnu.linkonce.s2.*)
 *(.rela.sdata2 .rela.sdata2.* .rela.gnu.linkonce.s2.*)
 *(.rel.sbss2 .rel.sbss2.* .rel.gnu.linkonce.sb2.*)
 *(.rela.sbss2 .rela.sbss2.* .rela.gnu.linkonce.sb2.*)
 *(.rel.bss .rel.bss.* .rel.gnu.linkonce.b.*)
 *(.rela.bss .rela.bss.* .rela.gnu.linkonce.b.*)
 *(.rel.plt)
 *(.rela.plt)
 *(.rel.dyn)
 *(.init)
 *(.plt)
 *(.text .stub .text.* .gnu.linkonce.t.*)
 .text          0x0000000004010230       0x3c ../vga_bsp//obj/HAL/src/crt0.o
                0x0000000004010230                _start
 .text          0x000000000401026c      0x394 obj/default/hello_world.o
                0x000000000401026c                key_ISR
                0x00000000040102d4                EnablePioInterrupt
                0x0000000004010340                ov7670_i2c_initialize
                0x00000000040104b4                memset32
                0x0000000004010508                main
 .text          0x0000000004010600        0x0 c:/intelfpga_lite/18.1/nios2eds/bin/gnu/h-x86_64-mingw32/bin/../lib/gcc/nios2-elf/5.3.0/../../../../../H-x86_64-mingw32/nios2-elf/lib/mno-hw-mul\libsmallc.a(lib_a-printf.o)
 .text._printf_r
                0x0000000004010600       0x3c c:/intelfpga_lite/18.1/nios2eds/bin/gnu/h-x86_64-mingw32/bin/../lib/gcc/nios2-elf/5.3.0/../../../../../H-x86_64-mingw32/nios2-elf/lib/mno-hw-mul\libsmallc.a(lib_a-printf.o)
                0x0000000004010600                _printf_r
 .text.printf   0x000000000401063c       0x4c c:/intelfpga_lite/18.1/nios2eds/bin/gnu/h-x86_64-mingw32/bin/../lib/gcc/nios2-elf/5.3.0/../../../../../H-x86_64-mingw32/nios2-elf/lib/mno-hw-mul\libsmallc.a(lib_a-printf.o)
                0x000000000401063c                printf
 .text          0x0000000004010688        0x0 c:/intelfpga_lite/18.1/nios2eds/bin/gnu/h-x86_64-mingw32/bin/../lib/gcc/nios2-elf/5.3.0/../../../../../H-x86_64-mingw32/nios2-elf/lib/mno-hw-mul\libsmallc.a(lib_a-puts.o)
 .text._puts_r  0x0000000004010688       0x80 c:/intelfpga_lite/18.1/nios2eds/bin/gnu/h-x86_64-mingw32/bin/../lib/gcc/nios2-elf/5.3.0/../../../../../H-x86_64-mingw32/nios2-elf/lib/mno-hw-mul\libsmallc.a(lib_a-puts.o)
                0x0000000004010688                _puts_r
 .text.puts     0x0000000004010708       0x14 c:/intelfpga_lite/18.1/nios2eds/bin/gnu/h-x86_64-mingw32/bin/../lib/gcc/nios2-elf/5.3.0/../../../../../H-x86_64-mingw32/nios2-elf/lib/mno-hw-mul\libsmallc.a(lib_a-puts.o)
                0x0000000004010708                puts
 .text          0x000000000401071c        0x0 c:/intelfpga_lite/18.1/nios2eds/bin/gnu/h-x86_64-mingw32/bin/../lib/gcc/nios2-elf/5.3.0/../../../../../H-x86_64-mingw32/nios2-elf/lib/mno-hw-mul\libsmallc.a(lib_a-strlen.o)
 .text.strlen   0x000000000401071c       0x1c c:/intelfpga_lite/18.1/nios2eds/bin/gnu/h-x86_64-mingw32/bin/../lib/gcc/nios2-elf/5.3.0/../../../../../H-x86_64-mingw32/nios2-elf/lib/mno-hw-mul\libsmallc.a(lib_a-strlen.o)
                0x000000000401071c                strlen
 .text          0x0000000004010738        0x0 c:/intelfpga_lite/18.1/nios2eds/bin/gnu/h-x86_64-mingw32/bin/../lib/gcc/nios2-elf/5.3.0/../../../../../H-x86_64-mingw32/nios2-elf/lib/mno-hw-mul\libsmallc.a(lib_a-vfprintf.o)
 .text.print_repeat
                0x0000000004010738       0x6c c:/intelfpga_lite/18.1/nios2eds/bin/gnu/h-x86_64-mingw32/bin/../lib/gcc/nios2-elf/5.3.0/../../../../../H-x86_64-mingw32/nios2-elf/lib/mno-hw-mul\libsmallc.a(lib_a-vfprintf.o)
 .text.___vfprintf_internal_r
                0x00000000040107a4      0x52c c:/intelfpga_lite/18.1/nios2eds/bin/gnu/h-x86_64-mingw32/bin/../lib/gcc/nios2-elf/5.3.0/../../../../../H-x86_64-mingw32/nios2-elf/lib/mno-hw-mul\libsmallc.a(lib_a-vfprintf.o)
                0x00000000040107a4                ___vfprintf_internal_r
 .text.__vfprintf_internal
                0x0000000004010cd0       0x1c c:/intelfpga_lite/18.1/nios2eds/bin/gnu/h-x86_64-mingw32/bin/../lib/gcc/nios2-elf/5.3.0/../../../../../H-x86_64-mingw32/nios2-elf/lib/mno-hw-mul\libsmallc.a(lib_a-vfprintf.o)
                0x0000000004010cd0                __vfprintf_internal
 .text          0x0000000004010cec        0x0 c:/intelfpga_lite/18.1/nios2eds/bin/gnu/h-x86_64-mingw32/bin/../lib/gcc/nios2-elf/5.3.0/../../../../../H-x86_64-mingw32/nios2-elf/lib/mno-hw-mul\libsmallc.a(lib_a-fvwrite_small_dev.o)
 .text.__sfvwrite_small_dev
                0x0000000004010cec       0xb8 c:/intelfpga_lite/18.1/nios2eds/bin/gnu/h-x86_64-mingw32/bin/../lib/gcc/nios2-elf/5.3.0/../../../../../H-x86_64-mingw32/nios2-elf/lib/mno-hw-mul\libsmallc.a(lib_a-fvwrite_small_dev.o)
                0x0000000004010cec                __sfvwrite_small_dev
 .text          0x0000000004010da4        0x0 c:/intelfpga_lite/18.1/nios2eds/bin/gnu/h-x86_64-mingw32/bin/../lib/gcc/nios2-elf/5.3.0/../../../../../H-x86_64-mingw32/nios2-elf/lib/mno-hw-mul\libsmallc.a(lib_a-impure.o)
 .text          0x0000000004010da4        0x0 c:/intelfpga_lite/18.1/nios2eds/bin/gnu/h-x86_64-mingw32/bin/../lib/gcc/nios2-elf/5.3.0/../../../../../H-x86_64-mingw32/nios2-elf/lib/mno-hw-mul\libsmallc.a(lib_a-writer.o)
 .text._write_r
                0x0000000004010da4       0x58 c:/intelfpga_lite/18.1/nios2eds/bin/gnu/h-x86_64-mingw32/bin/../lib/gcc/nios2-elf/5.3.0/../../../../../H-x86_64-mingw32/nios2-elf/lib/mno-hw-mul\libsmallc.a(lib_a-writer.o)
                0x0000000004010da4                _write_r
 .text          0x0000000004010dfc        0x0 c:/intelfpga_lite/18.1/nios2eds/bin/gnu/h-x86_64-mingw32/bin/../lib/gcc/nios2-elf/5.3.0/../../../../../H-x86_64-mingw32/nios2-elf/lib/mno-hw-mul\libsmallc.a(lib_a-int_errno.o)
 .text          0x0000000004010dfc      0x1b4 c:/intelfpga_lite/18.1/nios2eds/bin/gnu/h-x86_64-mingw32/bin/../lib/gcc/nios2-elf/5.3.0/mno-hw-mul\libgcc.a(lib2-divmod.o)
                0x0000000004010dfc                __divsi3
                0x0000000004010e80                __modsi3
                0x0000000004010ef4                __udivsi3
                0x0000000004010f58                __umodsi3
 .text          0x0000000004010fb0       0x28 c:/intelfpga_lite/18.1/nios2eds/bin/gnu/h-x86_64-mingw32/bin/../lib/gcc/nios2-elf/5.3.0/mno-hw-mul\libgcc.a(lib2-mul.o)
                0x0000000004010fb0                __mulsi3
 .text          0x0000000004010fd8      0x1b0 ../vga_bsp/\libhal_bsp.a(alt_iic.o)
                0x0000000004010fd8                alt_ic_isr_register
                0x0000000004011028                alt_ic_irq_enable
                0x00000000040110b0                alt_ic_irq_disable
                0x000000000401113c                alt_ic_irq_enabled
 .text          0x0000000004011188       0xf0 ../vga_bsp/\libhal_bsp.a(alt_iic_isr_register.o)
                0x0000000004011188                alt_iic_isr_register
 .text          0x0000000004011278        0x0 ../vga_bsp/\libhal_bsp.a(alt_irq_entry.o)
 .text          0x0000000004011278        0x0 ../vga_bsp/\libhal_bsp.a(alt_irq_handler.o)
 .text          0x0000000004011278        0x0 ../vga_bsp/\libhal_bsp.a(alt_irq_vars.o)
 .text          0x0000000004011278       0xec ../vga_bsp/\libhal_bsp.a(alt_load.o)
                0x00000000040112e0                alt_load
 .text          0x0000000004011364       0x7c ../vga_bsp/\libhal_bsp.a(alt_main.o)
                0x0000000004011364                alt_main
 .text          0x00000000040113e0       0x30 ../vga_bsp/\libhal_bsp.a(alt_usleep.o)
                0x00000000040113e0                usleep
 .text          0x0000000004011410      0x13c ../vga_bsp/\libhal_bsp.a(alt_write.o)
                0x000000000401144c                write
 .text          0x000000000401154c       0xdc ../vga_bsp/\libhal_bsp.a(alt_sys_init.o)
                0x0000000004011580                alt_irq_init
                0x00000000040115b8                alt_sys_init
 .text          0x0000000004011628     0x1c18 ../vga_bsp/\libhal_bsp.a(altera_avalon_i2c.o)
                0x0000000004011738                alt_avalon_i2c_register_optional_irq_handler
                0x0000000004011824                alt_avalon_i2c_register_callback
                0x0000000004011878                alt_avalon_i2c_init
                0x0000000004011964                alt_avalon_i2c_open
                0x00000000040119a4                alt_avalon_i2c_enable
                0x0000000004011a3c                alt_avalon_i2c_disable
                0x0000000004011a88                alt_avalon_i2c_master_config_get
                0x0000000004011b38                alt_avalon_i2c_master_config_set
                0x0000000004011c04                alt_avalon_i2c_master_config_speed_get
                0x0000000004011c98                alt_avalon_i2c_master_config_speed_set
                0x0000000004011d94                alt_avalon_i2c_is_busy
                0x0000000004011dd8                alt_avalon_i2c_rx_read_available
                0x0000000004011e80                alt_avalon_i2c_rx_read
                0x0000000004011f28                alt_avalon_i2c_cmd_write
                0x000000000401200c                alt_avalon_i2c_send_address
                0x00000000040120fc                alt_avalon_i2c_master_target_get
                0x0000000004012134                alt_avalon_i2c_master_target_set
                0x0000000004012168                alt_avalon_i2c_check_nack
                0x00000000040121b4                alt_avalon_i2c_check_arblost
                0x0000000004012200                alt_avalon_i2c_interrupt_transaction_status
                0x000000000401233c                alt_avalon_i2c_master_tx
                0x0000000004012424                alt_avalon_i2c_master_rx
                0x0000000004012560                alt_avalon_i2c_master_tx_rx
                0x0000000004012728                alt_avalon_i2c_master_transmit
                0x00000000040128e8                alt_avalon_i2c_master_transmit_using_interrupts
                0x0000000004012af4                alt_avalon_i2c_master_receive
                0x0000000004012d04                alt_avalon_i2c_master_receive_using_interrupts
                0x0000000004012ef4                alt_avalon_i2c_int_status_get
                0x0000000004012f4c                alt_avalon_i2c_int_raw_status_get
                0x0000000004012f90                alt_avalon_i2c_int_clear
                0x0000000004012fcc                alt_avalon_i2c_int_disable
                0x0000000004013034                alt_avalon_i2c_int_enable
                0x0000000004013098                alt_avalon_i2c_enabled_ints_get
                0x00000000040130dc                alt_avalon_i2c_rx_fifo_threshold_get
                0x0000000004013128                alt_avalon_i2c_rx_fifo_threshold_set
                0x000000000401318c                alt_avalon_i2c_tfr_cmd_fifo_threshold_get
                0x00000000040131d8                alt_avalon_i2c_tfr_cmd_fifo_threshold_set
 .text          0x0000000004013240      0x164 ../vga_bsp/\libhal_bsp.a(altera_avalon_jtag_uart_fd.o)
                0x0000000004013240                altera_avalon_jtag_uart_read_fd
                0x00000000040132a0                altera_avalon_jtag_uart_write_fd
                0x0000000004013300                altera_avalon_jtag_uart_close_fd
                0x0000000004013350                altera_avalon_jtag_uart_ioctl_fd
 .text          0x00000000040133a4      0x3d4 ../vga_bsp/\libhal_bsp.a(altera_avalon_jtag_uart_init.o)
                0x00000000040133a4                altera_avalon_jtag_uart_init
                0x0000000004013710                altera_avalon_jtag_uart_close
 .text          0x0000000004013778       0xf0 ../vga_bsp/\libhal_bsp.a(altera_avalon_jtag_uart_ioctl.o)
                0x0000000004013778                altera_avalon_jtag_uart_ioctl
 .text          0x0000000004013868      0x21c ../vga_bsp/\libhal_bsp.a(altera_avalon_jtag_uart_read.o)
                0x0000000004013868                altera_avalon_jtag_uart_read
 .text          0x0000000004013a84      0x224 ../vga_bsp/\libhal_bsp.a(altera_avalon_jtag_uart_write.o)
                0x0000000004013a84                altera_avalon_jtag_uart_write
 .text          0x0000000004013ca8       0xf4 ../vga_bsp/\libhal_bsp.a(altera_avalon_timer_sc.o)
                0x0000000004013d20                alt_avalon_timer_sc_init
 .text          0x0000000004013d9c      0x12c ../vga_bsp/\libhal_bsp.a(alt_alarm_start.o)
                0x0000000004013d9c                alt_alarm_start
 .text          0x0000000004013ec8      0x158 ../vga_bsp/\libhal_bsp.a(alt_busy_sleep.o)
                0x0000000004013ec8                alt_busy_sleep
 .text          0x0000000004014020      0x114 ../vga_bsp/\libhal_bsp.a(alt_close.o)
                0x000000000401405c                close
 .text          0x0000000004014134       0x20 ../vga_bsp/\libhal_bsp.a(alt_dcache_flush_all.o)
                0x0000000004014134                alt_dcache_flush_all
 .text          0x0000000004014154       0x2c ../vga_bsp/\libhal_bsp.a(alt_dev.o)
 .text          0x0000000004014180       0xe0 ../vga_bsp/\libhal_bsp.a(alt_dev_llist_insert.o)
                0x00000000040141bc                alt_dev_llist_insert
 .text          0x0000000004014260       0x60 ../vga_bsp/\libhal_bsp.a(alt_do_ctors.o)
                0x0000000004014260                _do_ctors
 .text          0x00000000040142c0       0x60 ../vga_bsp/\libhal_bsp.a(alt_do_dtors.o)
                0x00000000040142c0                _do_dtors
 .text          0x0000000004014320        0x0 ../vga_bsp/\libhal_bsp.a(alt_errno.o)
 .text          0x0000000004014320        0x0 ../vga_bsp/\libhal_bsp.a(alt_exception_entry.o)
 .text          0x0000000004014320       0x90 ../vga_bsp/\libhal_bsp.a(alt_find_dev.o)
                0x0000000004014320                alt_find_dev
 .text          0x00000000040143b0       0x20 ../vga_bsp/\libhal_bsp.a(alt_icache_flush_all.o)
                0x00000000040143b0                alt_icache_flush_all
 .text          0x00000000040143d0       0x9c ../vga_bsp/\libhal_bsp.a(alt_instruction_exception_entry.o)
                0x00000000040143d0                alt_exception_cause_generated_bad_addr
 .text          0x000000000401446c      0x160 ../vga_bsp/\libhal_bsp.a(alt_io_redirect.o)
                0x0000000004014550                alt_io_redirect
 .text          0x00000000040145cc      0x284 ../vga_bsp/\libhal_bsp.a(alt_open.o)
                0x00000000040146f4                open
 .text          0x0000000004014850      0x22c ../vga_bsp/\libhal_bsp.a(alt_printf.o)
                0x0000000004014850                alt_printf
 .text          0x0000000004014a7c       0x3c ../vga_bsp/\libhal_bsp.a(alt_putchar.o)
                0x0000000004014a7c                alt_putchar
 .text          0x0000000004014ab8       0x84 ../vga_bsp/\libhal_bsp.a(alt_release_fd.o)
                0x0000000004014ab8                alt_release_fd
 .text          0x0000000004014b3c      0x1a4 ../vga_bsp/\libhal_bsp.a(alt_tick.o)
                0x0000000004014b3c                alt_alarm_stop
                0x0000000004014bd8                alt_tick
 .text          0x0000000004014ce0       0x24 ../vga_bsp/\libhal_bsp.a(altera_nios2_gen2_irq.o)
                0x0000000004014ce0                altera_nios2_gen2_irq_init
 .text          0x0000000004014d04      0x108 ../vga_bsp/\libhal_bsp.a(alt_find_file.o)
                0x0000000004014d04                alt_find_file
 .text          0x0000000004014e0c       0xc4 ../vga_bsp/\libhal_bsp.a(alt_get_fd.o)
                0x0000000004014e0c                alt_get_fd
 .text          0x0000000004014ed0        0x0 c:/intelfpga_lite/18.1/nios2eds/bin/gnu/h-x86_64-mingw32/bin/../lib/gcc/nios2-elf/5.3.0/../../../../../H-x86_64-mingw32/nios2-elf/lib/mno-hw-mul\libsmallc.a(lib_a-atexit.o)
 .text.atexit   0x0000000004014ed0       0x14 c:/intelfpga_lite/18.1/nios2eds/bin/gnu/h-x86_64-mingw32/bin/../lib/gcc/nios2-elf/5.3.0/../../../../../H-x86_64-mingw32/nios2-elf/lib/mno-hw-mul\libsmallc.a(lib_a-atexit.o)
                0x0000000004014ed0                atexit
 .text          0x0000000004014ee4        0x0 c:/intelfpga_lite/18.1/nios2eds/bin/gnu/h-x86_64-mingw32/bin/../lib/gcc/nios2-elf/5.3.0/../../../../../H-x86_64-mingw32/nios2-elf/lib/mno-hw-mul\libsmallc.a(lib_a-exit.o)
 .text.exit     0x0000000004014ee4       0x20 c:/intelfpga_lite/18.1/nios2eds/bin/gnu/h-x86_64-mingw32/bin/../lib/gcc/nios2-elf/5.3.0/../../../../../H-x86_64-mingw32/nios2-elf/lib/mno-hw-mul\libsmallc.a(lib_a-exit.o)
                0x0000000004014ee4                exit
 .text          0x0000000004014f04        0x0 c:/intelfpga_lite/18.1/nios2eds/bin/gnu/h-x86_64-mingw32/bin/../lib/gcc/nios2-elf/5.3.0/../../../../../H-x86_64-mingw32/nios2-elf/lib/mno-hw-mul\libsmallc.a(lib_a-memcmp.o)
 .text.memcmp   0x0000000004014f04       0x30 c:/intelfpga_lite/18.1/nios2eds/bin/gnu/h-x86_64-mingw32/bin/../lib/gcc/nios2-elf/5.3.0/../../../../../H-x86_64-mingw32/nios2-elf/lib/mno-hw-mul\libsmallc.a(lib_a-memcmp.o)
                0x0000000004014f04                memcmp
 .text          0x0000000004014f34        0x0 c:/intelfpga_lite/18.1/nios2eds/bin/gnu/h-x86_64-mingw32/bin/../lib/gcc/nios2-elf/5.3.0/../../../../../H-x86_64-mingw32/nios2-elf/lib/mno-hw-mul\libsmallc.a(lib_a-memcpy.o)
 .text.memcpy   0x0000000004014f34       0x28 c:/intelfpga_lite/18.1/nios2eds/bin/gnu/h-x86_64-mingw32/bin/../lib/gcc/nios2-elf/5.3.0/../../../../../H-x86_64-mingw32/nios2-elf/lib/mno-hw-mul\libsmallc.a(lib_a-memcpy.o)
                0x0000000004014f34                memcpy
 .text          0x0000000004014f5c        0x0 c:/intelfpga_lite/18.1/nios2eds/bin/gnu/h-x86_64-mingw32/bin/../lib/gcc/nios2-elf/5.3.0/../../../../../H-x86_64-mingw32/nios2-elf/lib/mno-hw-mul\libsmallc.a(lib_a-putc.o)
 .text.putc     0x0000000004014f5c       0x54 c:/intelfpga_lite/18.1/nios2eds/bin/gnu/h-x86_64-mingw32/bin/../lib/gcc/nios2-elf/5.3.0/../../../../../H-x86_64-mingw32/nios2-elf/lib/mno-hw-mul\libsmallc.a(lib_a-putc.o)
                0x0000000004014f5c                putc
 .text._putc_r  0x0000000004014fb0       0x58 c:/intelfpga_lite/18.1/nios2eds/bin/gnu/h-x86_64-mingw32/bin/../lib/gcc/nios2-elf/5.3.0/../../../../../H-x86_64-mingw32/nios2-elf/lib/mno-hw-mul\libsmallc.a(lib_a-putc.o)
                0x0000000004014fb0                _putc_r
 .text          0x0000000004015008        0x0 c:/intelfpga_lite/18.1/nios2eds/bin/gnu/h-x86_64-mingw32/bin/../lib/gcc/nios2-elf/5.3.0/../../../../../H-x86_64-mingw32/nios2-elf/lib/mno-hw-mul\libsmallc.a(lib_a-__atexit.o)
 .text.__register_exitproc
                0x0000000004015008      0x158 c:/intelfpga_lite/18.1/nios2eds/bin/gnu/h-x86_64-mingw32/bin/../lib/gcc/nios2-elf/5.3.0/../../../../../H-x86_64-mingw32/nios2-elf/lib/mno-hw-mul\libsmallc.a(lib_a-__atexit.o)
                0x0000000004015008                __register_exitproc
 .text          0x0000000004015160        0x0 c:/intelfpga_lite/18.1/nios2eds/bin/gnu/h-x86_64-mingw32/bin/../lib/gcc/nios2-elf/5.3.0/../../../../../H-x86_64-mingw32/nios2-elf/lib/mno-hw-mul\libsmallc.a(lib_a-__call_atexit.o)
 .text.__call_exitprocs
                0x0000000004015160      0x190 c:/intelfpga_lite/18.1/nios2eds/bin/gnu/h-x86_64-mingw32/bin/../lib/gcc/nios2-elf/5.3.0/../../../../../H-x86_64-mingw32/nios2-elf/lib/mno-hw-mul\libsmallc.a(lib_a-__call_atexit.o)
                0x0000000004015160                __call_exitprocs
 .text          0x00000000040152f0       0x34 ../vga_bsp/\libhal_bsp.a(alt_exit.o)
                0x00000000040152f0                _exit
 *(.gnu.warning.*)
 *(.fini)
                [!provide]                        PROVIDE (__etext, ABSOLUTE (.))
                [!provide]                        PROVIDE (_etext, ABSOLUTE (.))
                [!provide]                        PROVIDE (etext, ABSOLUTE (.))
 *(.eh_frame_hdr)
                0x0000000004015324                . = ALIGN (0x4)
                [!provide]                        PROVIDE (__preinit_array_start, ABSOLUTE (.))
 *(.preinit_array)
                [!provide]                        PROVIDE (__preinit_array_end, ABSOLUTE (.))
                [!provide]                        PROVIDE (__init_array_start, ABSOLUTE (.))
 *(.init_array)
                [!provide]                        PROVIDE (__init_array_end, ABSOLUTE (.))
                [!provide]                        PROVIDE (__fini_array_start, ABSOLUTE (.))
 *(.fini_array)
                [!provide]                        PROVIDE (__fini_array_end, ABSOLUTE (.))
 *(.eh_frame)
 *(.gcc_except_table .gcc_except_table.*)
 *(.dynamic)
                0x0000000004015324                PROVIDE (__CTOR_LIST__, ABSOLUTE (.))
 *(.ctors)
 *(SORT(.ctors.*))
                0x0000000004015324                PROVIDE (__CTOR_END__, ABSOLUTE (.))
                0x0000000004015324                PROVIDE (__DTOR_LIST__, ABSOLUTE (.))
 *(.dtors)
 *(SORT(.dtors.*))
                0x0000000004015324                PROVIDE (__DTOR_END__, ABSOLUTE (.))
 *(.jcr)
                0x0000000004015324                . = ALIGN (0x4)

.rodata         0x0000000004015324      0x194
                0x0000000004015324                PROVIDE (__ram_rodata_start, ABSOLUTE (.))
                0x0000000004015324                . = ALIGN (0x4)
 *(.rodata .rodata.* .gnu.linkonce.r.*)
 .rodata        0x0000000004015324      0x12e obj/default/hello_world.o
 *fill*         0x0000000004015452        0x2 
 .rodata.str1.4
                0x0000000004015454        0x4 c:/intelfpga_lite/18.1/nios2eds/bin/gnu/h-x86_64-mingw32/bin/../lib/gcc/nios2-elf/5.3.0/../../../../../H-x86_64-mingw32/nios2-elf/lib/mno-hw-mul\libsmallc.a(lib_a-puts.o)
                                          0x2 (size before relaxing)
 .rodata        0x0000000004015458       0x11 ../vga_bsp/\libhal_bsp.a(alt_main.o)
 *fill*         0x0000000004015469        0x3 
 .rodata        0x000000000401546c       0x1d ../vga_bsp/\libhal_bsp.a(alt_sys_init.o)
 *fill*         0x0000000004015489        0x3 
 .rodata        0x000000000401548c       0x1d ../vga_bsp/\libhal_bsp.a(altera_avalon_i2c.o)
 *fill*         0x00000000040154a9        0x3 
 .rodata        0x00000000040154ac        0xa ../vga_bsp/\libhal_bsp.a(alt_dev.o)
 *(.rodata1)
                0x00000000040154b8                . = ALIGN (0x4)
 *fill*         0x00000000040154b6        0x2 
                0x00000000040154b8                PROVIDE (__ram_rodata_end, ABSOLUTE (.))
                0x0000000004015324                PROVIDE (__flash_rodata_start, LOADADDR (.rodata))

.rwdata         0x00000000040154b8     0x13e8 load address 0x00000000040168a0
                0x00000000040154b8                PROVIDE (__ram_rwdata_start, ABSOLUTE (.))
                0x00000000040154b8                . = ALIGN (0x4)
 *(.got.plt)
 *(.got)
 *(.data1)
 *(.data .data.* .gnu.linkonce.d.*)
 .data          0x00000000040154b8        0x0 ../vga_bsp//obj/HAL/src/crt0.o
 .data          0x00000000040154b8       0x90 obj/default/hello_world.o
                0x00000000040154b8                ov7670_regs
 .data          0x0000000004015548        0x0 c:/intelfpga_lite/18.1/nios2eds/bin/gnu/h-x86_64-mingw32/bin/../lib/gcc/nios2-elf/5.3.0/../../../../../H-x86_64-mingw32/nios2-elf/lib/mno-hw-mul\libsmallc.a(lib_a-printf.o)
 .data          0x0000000004015548        0x0 c:/intelfpga_lite/18.1/nios2eds/bin/gnu/h-x86_64-mingw32/bin/../lib/gcc/nios2-elf/5.3.0/../../../../../H-x86_64-mingw32/nios2-elf/lib/mno-hw-mul\libsmallc.a(lib_a-puts.o)
 .data          0x0000000004015548        0x0 c:/intelfpga_lite/18.1/nios2eds/bin/gnu/h-x86_64-mingw32/bin/../lib/gcc/nios2-elf/5.3.0/../../../../../H-x86_64-mingw32/nios2-elf/lib/mno-hw-mul\libsmallc.a(lib_a-strlen.o)
 .data          0x0000000004015548        0x0 c:/intelfpga_lite/18.1/nios2eds/bin/gnu/h-x86_64-mingw32/bin/../lib/gcc/nios2-elf/5.3.0/../../../../../H-x86_64-mingw32/nios2-elf/lib/mno-hw-mul\libsmallc.a(lib_a-vfprintf.o)
 .data          0x0000000004015548        0x0 c:/intelfpga_lite/18.1/nios2eds/bin/gnu/h-x86_64-mingw32/bin/../lib/gcc/nios2-elf/5.3.0/../../../../../H-x86_64-mingw32/nios2-elf/lib/mno-hw-mul\libsmallc.a(lib_a-fvwrite_small_dev.o)
 .data          0x0000000004015548        0x0 c:/intelfpga_lite/18.1/nios2eds/bin/gnu/h-x86_64-mingw32/bin/../lib/gcc/nios2-elf/5.3.0/../../../../../H-x86_64-mingw32/nios2-elf/lib/mno-hw-mul\libsmallc.a(lib_a-impure.o)
 .data.impure_data
                0x0000000004015548       0xe0 c:/intelfpga_lite/18.1/nios2eds/bin/gnu/h-x86_64-mingw32/bin/../lib/gcc/nios2-elf/5.3.0/../../../../../H-x86_64-mingw32/nios2-elf/lib/mno-hw-mul\libsmallc.a(lib_a-impure.o)
 .data          0x0000000004015628        0x0 c:/intelfpga_lite/18.1/nios2eds/bin/gnu/h-x86_64-mingw32/bin/../lib/gcc/nios2-elf/5.3.0/../../../../../H-x86_64-mingw32/nios2-elf/lib/mno-hw-mul\libsmallc.a(lib_a-writer.o)
 .data          0x0000000004015628        0x0 c:/intelfpga_lite/18.1/nios2eds/bin/gnu/h-x86_64-mingw32/bin/../lib/gcc/nios2-elf/5.3.0/../../../../../H-x86_64-mingw32/nios2-elf/lib/mno-hw-mul\libsmallc.a(lib_a-int_errno.o)
 .data          0x0000000004015628        0x0 c:/intelfpga_lite/18.1/nios2eds/bin/gnu/h-x86_64-mingw32/bin/../lib/gcc/nios2-elf/5.3.0/mno-hw-mul\libgcc.a(lib2-divmod.o)
 .data          0x0000000004015628        0x0 c:/intelfpga_lite/18.1/nios2eds/bin/gnu/h-x86_64-mingw32/bin/../lib/gcc/nios2-elf/5.3.0/mno-hw-mul\libgcc.a(lib2-mul.o)
 .data          0x0000000004015628        0x0 ../vga_bsp/\libhal_bsp.a(alt_iic.o)
 .data          0x0000000004015628        0x0 ../vga_bsp/\libhal_bsp.a(alt_iic_isr_register.o)
 .data          0x0000000004015628        0x0 ../vga_bsp/\libhal_bsp.a(alt_irq_entry.o)
 .data          0x0000000004015628        0x0 ../vga_bsp/\libhal_bsp.a(alt_irq_handler.o)
 .data          0x0000000004015628        0x0 ../vga_bsp/\libhal_bsp.a(alt_irq_vars.o)
 .data          0x0000000004015628        0x0 ../vga_bsp/\libhal_bsp.a(alt_load.o)
 .data          0x0000000004015628        0x0 ../vga_bsp/\libhal_bsp.a(alt_main.o)
 .data          0x0000000004015628        0x0 ../vga_bsp/\libhal_bsp.a(alt_usleep.o)
 .data          0x0000000004015628        0x0 ../vga_bsp/\libhal_bsp.a(alt_write.o)
 .data          0x0000000004015628     0x1098 ../vga_bsp/\libhal_bsp.a(alt_sys_init.o)
 .data          0x00000000040166c0        0x0 ../vga_bsp/\libhal_bsp.a(altera_avalon_i2c.o)
 .data          0x00000000040166c0        0x0 ../vga_bsp/\libhal_bsp.a(altera_avalon_jtag_uart_fd.o)
 .data          0x00000000040166c0        0x0 ../vga_bsp/\libhal_bsp.a(altera_avalon_jtag_uart_init.o)
 .data          0x00000000040166c0        0x0 ../vga_bsp/\libhal_bsp.a(altera_avalon_jtag_uart_ioctl.o)
 .data          0x00000000040166c0        0x0 ../vga_bsp/\libhal_bsp.a(altera_avalon_jtag_uart_read.o)
 .data          0x00000000040166c0        0x0 ../vga_bsp/\libhal_bsp.a(altera_avalon_jtag_uart_write.o)
 .data          0x00000000040166c0        0x0 ../vga_bsp/\libhal_bsp.a(altera_avalon_timer_sc.o)
 .data          0x00000000040166c0        0x0 ../vga_bsp/\libhal_bsp.a(alt_alarm_start.o)
 .data          0x00000000040166c0        0x0 ../vga_bsp/\libhal_bsp.a(alt_busy_sleep.o)
 .data          0x00000000040166c0        0x0 ../vga_bsp/\libhal_bsp.a(alt_close.o)
 .data          0x00000000040166c0        0x0 ../vga_bsp/\libhal_bsp.a(alt_dcache_flush_all.o)
 .data          0x00000000040166c0      0x1a8 ../vga_bsp/\libhal_bsp.a(alt_dev.o)
                0x00000000040166c0                alt_dev_null
                0x00000000040166e8                alt_fd_list
 .data          0x0000000004016868        0x0 ../vga_bsp/\libhal_bsp.a(alt_dev_llist_insert.o)
 .data          0x0000000004016868        0x0 ../vga_bsp/\libhal_bsp.a(alt_do_ctors.o)
 .data          0x0000000004016868        0x0 ../vga_bsp/\libhal_bsp.a(alt_do_dtors.o)
 .data          0x0000000004016868        0x0 ../vga_bsp/\libhal_bsp.a(alt_errno.o)
 .data          0x0000000004016868        0x0 ../vga_bsp/\libhal_bsp.a(alt_exception_entry.o)
 .data          0x0000000004016868        0x0 ../vga_bsp/\libhal_bsp.a(alt_find_dev.o)
 .data          0x0000000004016868        0x0 ../vga_bsp/\libhal_bsp.a(alt_icache_flush_all.o)
 .data          0x0000000004016868        0x0 ../vga_bsp/\libhal_bsp.a(alt_instruction_exception_entry.o)
 .data          0x0000000004016868        0x0 ../vga_bsp/\libhal_bsp.a(alt_io_redirect.o)
 .data          0x0000000004016868        0x0 ../vga_bsp/\libhal_bsp.a(alt_open.o)
 .data          0x0000000004016868        0x0 ../vga_bsp/\libhal_bsp.a(alt_printf.o)
 .data          0x0000000004016868        0x0 ../vga_bsp/\libhal_bsp.a(alt_putchar.o)
 .data          0x0000000004016868        0x0 ../vga_bsp/\libhal_bsp.a(alt_release_fd.o)
 .data          0x0000000004016868        0x0 ../vga_bsp/\libhal_bsp.a(alt_tick.o)
 .data          0x0000000004016868        0x0 ../vga_bsp/\libhal_bsp.a(altera_nios2_gen2_irq.o)
 .data          0x0000000004016868        0x0 ../vga_bsp/\libhal_bsp.a(alt_find_file.o)
 .data          0x0000000004016868        0x0 ../vga_bsp/\libhal_bsp.a(alt_get_fd.o)
 .data          0x0000000004016868        0x0 c:/intelfpga_lite/18.1/nios2eds/bin/gnu/h-x86_64-mingw32/bin/../lib/gcc/nios2-elf/5.3.0/../../../../../H-x86_64-mingw32/nios2-elf/lib/mno-hw-mul\libsmallc.a(lib_a-atexit.o)
 .data          0x0000000004016868        0x0 c:/intelfpga_lite/18.1/nios2eds/bin/gnu/h-x86_64-mingw32/bin/../lib/gcc/nios2-elf/5.3.0/../../../../../H-x86_64-mingw32/nios2-elf/lib/mno-hw-mul\libsmallc.a(lib_a-exit.o)
 .data          0x0000000004016868        0x0 c:/intelfpga_lite/18.1/nios2eds/bin/gnu/h-x86_64-mingw32/bin/../lib/gcc/nios2-elf/5.3.0/../../../../../H-x86_64-mingw32/nios2-elf/lib/mno-hw-mul\libsmallc.a(lib_a-memcmp.o)
 .data          0x0000000004016868        0x0 c:/intelfpga_lite/18.1/nios2eds/bin/gnu/h-x86_64-mingw32/bin/../lib/gcc/nios2-elf/5.3.0/../../../../../H-x86_64-mingw32/nios2-elf/lib/mno-hw-mul\libsmallc.a(lib_a-memcpy.o)
 .data          0x0000000004016868        0x0 c:/intelfpga_lite/18.1/nios2eds/bin/gnu/h-x86_64-mingw32/bin/../lib/gcc/nios2-elf/5.3.0/../../../../../H-x86_64-mingw32/nios2-elf/lib/mno-hw-mul\libsmallc.a(lib_a-putc.o)
 .data          0x0000000004016868        0x0 c:/intelfpga_lite/18.1/nios2eds/bin/gnu/h-x86_64-mingw32/bin/../lib/gcc/nios2-elf/5.3.0/../../../../../H-x86_64-mingw32/nios2-elf/lib/mno-hw-mul\libsmallc.a(lib_a-__atexit.o)
 .data          0x0000000004016868        0x0 c:/intelfpga_lite/18.1/nios2eds/bin/gnu/h-x86_64-mingw32/bin/../lib/gcc/nios2-elf/5.3.0/../../../../../H-x86_64-mingw32/nios2-elf/lib/mno-hw-mul\libsmallc.a(lib_a-__call_atexit.o)
 .data          0x0000000004016868        0x0 ../vga_bsp/\libhal_bsp.a(alt_exit.o)
                0x000000000401e868                _gp = ABSOLUTE ((. + 0x8000))
                [!provide]                        PROVIDE (gp, _gp)
 *(.rwdata .rwdata.*)
 *(.sdata .sdata.* .gnu.linkonce.s.*)
 .sdata         0x0000000004016868        0x4 obj/default/hello_world.o
 .sdata._global_impure_ptr
                0x000000000401686c        0x4 c:/intelfpga_lite/18.1/nios2eds/bin/gnu/h-x86_64-mingw32/bin/../lib/gcc/nios2-elf/5.3.0/../../../../../H-x86_64-mingw32/nios2-elf/lib/mno-hw-mul\libsmallc.a(lib_a-impure.o)
                0x000000000401686c                _global_impure_ptr
 .sdata._impure_ptr
                0x0000000004016870        0x4 c:/intelfpga_lite/18.1/nios2eds/bin/gnu/h-x86_64-mingw32/bin/../lib/gcc/nios2-elf/5.3.0/../../../../../H-x86_64-mingw32/nios2-elf/lib/mno-hw-mul\libsmallc.a(lib_a-impure.o)
                0x0000000004016870                _impure_ptr
 .sdata         0x0000000004016874        0x4 ../vga_bsp/\libhal_bsp.a(alt_irq_vars.o)
                0x0000000004016874                alt_priority_mask
 .sdata         0x0000000004016878        0x8 ../vga_bsp/\libhal_bsp.a(altera_avalon_i2c.o)
                0x0000000004016878                alt_avalon_i2c_list
 .sdata         0x0000000004016880       0x14 ../vga_bsp/\libhal_bsp.a(alt_dev.o)
                0x0000000004016880                alt_fs_list
                0x0000000004016888                alt_dev_list
                0x0000000004016890                alt_max_fd
 .sdata         0x0000000004016894        0x4 ../vga_bsp/\libhal_bsp.a(alt_errno.o)
                0x0000000004016894                alt_errno
 .sdata         0x0000000004016898        0x8 ../vga_bsp/\libhal_bsp.a(alt_tick.o)
                0x0000000004016898                alt_alarm_list
 *(.sdata2 .sdata2.* .gnu.linkonce.s2.*)
                0x00000000040168a0                . = ALIGN (0x4)
                0x00000000040168a0                _edata = ABSOLUTE (.)
                [!provide]                        PROVIDE (edata, ABSOLUTE (.))
                0x00000000040168a0                PROVIDE (__ram_rwdata_end, ABSOLUTE (.))
                0x00000000040168a0                PROVIDE (__flash_rwdata_start, LOADADDR (.rwdata))

.bss            0x0000000004017c88      0x12c
                0x0000000004017c88                __bss_start = ABSOLUTE (.)
                [!provide]                        PROVIDE (__sbss_start, ABSOLUTE (.))
                [!provide]                        PROVIDE (___sbss_start, ABSOLUTE (.))
 *(.dynsbss)
 *(.sbss .sbss.* .gnu.linkonce.sb.*)
 .sbss          0x0000000004017c88        0x8 obj/default/hello_world.o
                0x0000000004017c88                int_cnt
                0x0000000004017c8c                context
 .sbss          0x0000000004017c90        0x4 obj/default/hello_world.o
                0x0000000004017c90                edge_capture
 .sbss          0x0000000004017c94        0x4 c:/intelfpga_lite/18.1/nios2eds/bin/gnu/h-x86_64-mingw32/bin/../lib/gcc/nios2-elf/5.3.0/../../../../../H-x86_64-mingw32/nios2-elf/lib/mno-hw-mul\libsmallc.a(lib_a-int_errno.o)
                0x0000000004017c94                errno
 .sbss          0x0000000004017c98        0x4 ../vga_bsp/\libhal_bsp.a(alt_irq_vars.o)
                0x0000000004017c98                alt_irq_active
 .sbss          0x0000000004017c9c        0xc ../vga_bsp/\libhal_bsp.a(alt_main.o)
                0x0000000004017c9c                alt_argc
                0x0000000004017ca0                alt_argv
                0x0000000004017ca4                alt_envp
 .sbss          0x0000000004017ca8        0x4 ../vga_bsp/\libhal_bsp.a(alt_instruction_exception_entry.o)
                0x0000000004017ca8                alt_instruction_exception_handler
 .sbss          0x0000000004017cac        0x8 ../vga_bsp/\libhal_bsp.a(alt_tick.o)
                0x0000000004017cac                _alt_tick_rate
                0x0000000004017cb0                _alt_nticks
 *(.sbss2 .sbss2.* .gnu.linkonce.sb2.*)
 *(.scommon)
                [!provide]                        PROVIDE (__sbss_end, ABSOLUTE (.))
                [!provide]                        PROVIDE (___sbss_end, ABSOLUTE (.))
 *(.dynbss)
 *(.bss .bss.* .gnu.linkonce.b.*)
 .bss           0x0000000004017cb4        0x0 ../vga_bsp//obj/HAL/src/crt0.o
 .bss           0x0000000004017cb4        0x0 obj/default/hello_world.o
 .bss           0x0000000004017cb4        0x0 c:/intelfpga_lite/18.1/nios2eds/bin/gnu/h-x86_64-mingw32/bin/../lib/gcc/nios2-elf/5.3.0/../../../../../H-x86_64-mingw32/nios2-elf/lib/mno-hw-mul\libsmallc.a(lib_a-printf.o)
 .bss           0x0000000004017cb4        0x0 c:/intelfpga_lite/18.1/nios2eds/bin/gnu/h-x86_64-mingw32/bin/../lib/gcc/nios2-elf/5.3.0/../../../../../H-x86_64-mingw32/nios2-elf/lib/mno-hw-mul\libsmallc.a(lib_a-puts.o)
 .bss           0x0000000004017cb4        0x0 c:/intelfpga_lite/18.1/nios2eds/bin/gnu/h-x86_64-mingw32/bin/../lib/gcc/nios2-elf/5.3.0/../../../../../H-x86_64-mingw32/nios2-elf/lib/mno-hw-mul\libsmallc.a(lib_a-strlen.o)
 .bss           0x0000000004017cb4        0x0 c:/intelfpga_lite/18.1/nios2eds/bin/gnu/h-x86_64-mingw32/bin/../lib/gcc/nios2-elf/5.3.0/../../../../../H-x86_64-mingw32/nios2-elf/lib/mno-hw-mul\libsmallc.a(lib_a-vfprintf.o)
 .bss           0x0000000004017cb4        0x0 c:/intelfpga_lite/18.1/nios2eds/bin/gnu/h-x86_64-mingw32/bin/../lib/gcc/nios2-elf/5.3.0/../../../../../H-x86_64-mingw32/nios2-elf/lib/mno-hw-mul\libsmallc.a(lib_a-fvwrite_small_dev.o)
 .bss           0x0000000004017cb4        0x0 c:/intelfpga_lite/18.1/nios2eds/bin/gnu/h-x86_64-mingw32/bin/../lib/gcc/nios2-elf/5.3.0/../../../../../H-x86_64-mingw32/nios2-elf/lib/mno-hw-mul\libsmallc.a(lib_a-impure.o)
 .bss           0x0000000004017cb4        0x0 c:/intelfpga_lite/18.1/nios2eds/bin/gnu/h-x86_64-mingw32/bin/../lib/gcc/nios2-elf/5.3.0/../../../../../H-x86_64-mingw32/nios2-elf/lib/mno-hw-mul\libsmallc.a(lib_a-writer.o)
 .bss           0x0000000004017cb4        0x0 c:/intelfpga_lite/18.1/nios2eds/bin/gnu/h-x86_64-mingw32/bin/../lib/gcc/nios2-elf/5.3.0/../../../../../H-x86_64-mingw32/nios2-elf/lib/mno-hw-mul\libsmallc.a(lib_a-int_errno.o)
 .bss           0x0000000004017cb4        0x0 c:/intelfpga_lite/18.1/nios2eds/bin/gnu/h-x86_64-mingw32/bin/../lib/gcc/nios2-elf/5.3.0/mno-hw-mul\libgcc.a(lib2-divmod.o)
 .bss           0x0000000004017cb4        0x0 c:/intelfpga_lite/18.1/nios2eds/bin/gnu/h-x86_64-mingw32/bin/../lib/gcc/nios2-elf/5.3.0/mno-hw-mul\libgcc.a(lib2-mul.o)
 .bss           0x0000000004017cb4        0x0 ../vga_bsp/\libhal_bsp.a(alt_iic.o)
 .bss           0x0000000004017cb4        0x0 ../vga_bsp/\libhal_bsp.a(alt_iic_isr_register.o)
 .bss           0x0000000004017cb4        0x0 ../vga_bsp/\libhal_bsp.a(alt_irq_entry.o)
 .bss           0x0000000004017cb4        0x0 ../vga_bsp/\libhal_bsp.a(alt_irq_handler.o)
 .bss           0x0000000004017cb4        0x0 ../vga_bsp/\libhal_bsp.a(alt_irq_vars.o)
 .bss           0x0000000004017cb4        0x0 ../vga_bsp/\libhal_bsp.a(alt_load.o)
 .bss           0x0000000004017cb4        0x0 ../vga_bsp/\libhal_bsp.a(alt_main.o)
 .bss           0x0000000004017cb4        0x0 ../vga_bsp/\libhal_bsp.a(alt_usleep.o)
 .bss           0x0000000004017cb4        0x0 ../vga_bsp/\libhal_bsp.a(alt_write.o)
 .bss           0x0000000004017cb4        0x0 ../vga_bsp/\libhal_bsp.a(alt_sys_init.o)
 .bss           0x0000000004017cb4        0x0 ../vga_bsp/\libhal_bsp.a(altera_avalon_i2c.o)
 .bss           0x0000000004017cb4        0x0 ../vga_bsp/\libhal_bsp.a(altera_avalon_jtag_uart_fd.o)
 .bss           0x0000000004017cb4        0x0 ../vga_bsp/\libhal_bsp.a(altera_avalon_jtag_uart_init.o)
 .bss           0x0000000004017cb4        0x0 ../vga_bsp/\libhal_bsp.a(altera_avalon_jtag_uart_ioctl.o)
 .bss           0x0000000004017cb4        0x0 ../vga_bsp/\libhal_bsp.a(altera_avalon_jtag_uart_read.o)
 .bss           0x0000000004017cb4        0x0 ../vga_bsp/\libhal_bsp.a(altera_avalon_jtag_uart_write.o)
 .bss           0x0000000004017cb4        0x0 ../vga_bsp/\libhal_bsp.a(altera_avalon_timer_sc.o)
 .bss           0x0000000004017cb4        0x0 ../vga_bsp/\libhal_bsp.a(alt_alarm_start.o)
 .bss           0x0000000004017cb4        0x0 ../vga_bsp/\libhal_bsp.a(alt_busy_sleep.o)
 .bss           0x0000000004017cb4        0x0 ../vga_bsp/\libhal_bsp.a(alt_close.o)
 .bss           0x0000000004017cb4        0x0 ../vga_bsp/\libhal_bsp.a(alt_dcache_flush_all.o)
 .bss           0x0000000004017cb4        0x0 ../vga_bsp/\libhal_bsp.a(alt_dev.o)
 .bss           0x0000000004017cb4        0x0 ../vga_bsp/\libhal_bsp.a(alt_dev_llist_insert.o)
 .bss           0x0000000004017cb4        0x0 ../vga_bsp/\libhal_bsp.a(alt_do_ctors.o)
 .bss           0x0000000004017cb4        0x0 ../vga_bsp/\libhal_bsp.a(alt_do_dtors.o)
 .bss           0x0000000004017cb4        0x0 ../vga_bsp/\libhal_bsp.a(alt_errno.o)
 .bss           0x0000000004017cb4        0x0 ../vga_bsp/\libhal_bsp.a(alt_exception_entry.o)
 .bss           0x0000000004017cb4        0x0 ../vga_bsp/\libhal_bsp.a(alt_find_dev.o)
 .bss           0x0000000004017cb4        0x0 ../vga_bsp/\libhal_bsp.a(alt_icache_flush_all.o)
 .bss           0x0000000004017cb4        0x0 ../vga_bsp/\libhal_bsp.a(alt_instruction_exception_entry.o)
 .bss           0x0000000004017cb4        0x0 ../vga_bsp/\libhal_bsp.a(alt_io_redirect.o)
 .bss           0x0000000004017cb4        0x0 ../vga_bsp/\libhal_bsp.a(alt_open.o)
 .bss           0x0000000004017cb4        0x0 ../vga_bsp/\libhal_bsp.a(alt_printf.o)
 .bss           0x0000000004017cb4        0x0 ../vga_bsp/\libhal_bsp.a(alt_putchar.o)
 .bss           0x0000000004017cb4        0x0 ../vga_bsp/\libhal_bsp.a(alt_release_fd.o)
 .bss           0x0000000004017cb4        0x0 ../vga_bsp/\libhal_bsp.a(alt_tick.o)
 .bss           0x0000000004017cb4        0x0 ../vga_bsp/\libhal_bsp.a(altera_nios2_gen2_irq.o)
 .bss           0x0000000004017cb4        0x0 ../vga_bsp/\libhal_bsp.a(alt_find_file.o)
 .bss           0x0000000004017cb4        0x0 ../vga_bsp/\libhal_bsp.a(alt_get_fd.o)
 .bss           0x0000000004017cb4        0x0 c:/intelfpga_lite/18.1/nios2eds/bin/gnu/h-x86_64-mingw32/bin/../lib/gcc/nios2-elf/5.3.0/../../../../../H-x86_64-mingw32/nios2-elf/lib/mno-hw-mul\libsmallc.a(lib_a-atexit.o)
 .bss           0x0000000004017cb4        0x0 c:/intelfpga_lite/18.1/nios2eds/bin/gnu/h-x86_64-mingw32/bin/../lib/gcc/nios2-elf/5.3.0/../../../../../H-x86_64-mingw32/nios2-elf/lib/mno-hw-mul\libsmallc.a(lib_a-exit.o)
 .bss           0x0000000004017cb4        0x0 c:/intelfpga_lite/18.1/nios2eds/bin/gnu/h-x86_64-mingw32/bin/../lib/gcc/nios2-elf/5.3.0/../../../../../H-x86_64-mingw32/nios2-elf/lib/mno-hw-mul\libsmallc.a(lib_a-memcmp.o)
 .bss           0x0000000004017cb4        0x0 c:/intelfpga_lite/18.1/nios2eds/bin/gnu/h-x86_64-mingw32/bin/../lib/gcc/nios2-elf/5.3.0/../../../../../H-x86_64-mingw32/nios2-elf/lib/mno-hw-mul\libsmallc.a(lib_a-memcpy.o)
 .bss           0x0000000004017cb4        0x0 c:/intelfpga_lite/18.1/nios2eds/bin/gnu/h-x86_64-mingw32/bin/../lib/gcc/nios2-elf/5.3.0/../../../../../H-x86_64-mingw32/nios2-elf/lib/mno-hw-mul\libsmallc.a(lib_a-putc.o)
 .bss           0x0000000004017cb4        0x0 c:/intelfpga_lite/18.1/nios2eds/bin/gnu/h-x86_64-mingw32/bin/../lib/gcc/nios2-elf/5.3.0/../../../../../H-x86_64-mingw32/nios2-elf/lib/mno-hw-mul\libsmallc.a(lib_a-__atexit.o)
 .bss           0x0000000004017cb4        0x0 c:/intelfpga_lite/18.1/nios2eds/bin/gnu/h-x86_64-mingw32/bin/../lib/gcc/nios2-elf/5.3.0/../../../../../H-x86_64-mingw32/nios2-elf/lib/mno-hw-mul\libsmallc.a(lib_a-__call_atexit.o)
 .bss           0x0000000004017cb4        0x0 ../vga_bsp/\libhal_bsp.a(alt_exit.o)
 *(COMMON)
 COMMON         0x0000000004017cb4      0x100 ../vga_bsp/\libhal_bsp.a(alt_irq_handler.o)
                0x0000000004017cb4                alt_irq
                0x0000000004017db4                . = ALIGN (0x4)
                0x0000000004017db4                __bss_end = ABSOLUTE (.)

.new_sdram_controller_0
                0x0000000000000000        0x0 load address 0x0000000004017db4
                [!provide]                        PROVIDE (_alt_partition_new_sdram_controller_0_start, ABSOLUTE (.))
 *(.new_sdram_controller_0 .new_sdram_controller_0. new_sdram_controller_0.*)
                0x0000000000000000                . = ALIGN (0x4)
                [!provide]                        PROVIDE (_alt_partition_new_sdram_controller_0_end, ABSOLUTE (.))
                [!provide]                        PROVIDE (_alt_partition_new_sdram_controller_0_load_addr, LOADADDR (.new_sdram_controller_0))

.onchip_memory2_0
                0x0000000004017db4        0x0
                [!provide]                        PROVIDE (_alt_partition_onchip_memory2_0_start, ABSOLUTE (.))
 *(.onchip_memory2_0 .onchip_memory2_0. onchip_memory2_0.*)
                0x0000000004017db4                . = ALIGN (0x4)
                [!provide]                        PROVIDE (_alt_partition_onchip_memory2_0_end, ABSOLUTE (.))
                0x0000000004017db4                _end = ABSOLUTE (.)
                0x0000000004017db4                end = ABSOLUTE (.)
                0x0000000004017db4                __alt_stack_base = ABSOLUTE (.)
                [!provide]                        PROVIDE (_alt_partition_onchip_memory2_0_load_addr, LOADADDR (.onchip_memory2_0))

.stab
 *(.stab)

.stabstr
 *(.stabstr)

.stab.excl
 *(.stab.excl)

.stab.exclstr
 *(.stab.exclstr)

.stab.index
 *(.stab.index)

.stab.indexstr
 *(.stab.indexstr)

.comment        0x0000000000000000       0x23
 *(.comment)
 .comment       0x0000000000000000       0x23 obj/default/hello_world.o
                                         0x24 (size before relaxing)
 .comment       0x0000000000000023       0x24 c:/intelfpga_lite/18.1/nios2eds/bin/gnu/h-x86_64-mingw32/bin/../lib/gcc/nios2-elf/5.3.0/../../../../../H-x86_64-mingw32/nios2-elf/lib/mno-hw-mul\libsmallc.a(lib_a-printf.o)
 .comment       0x0000000000000023       0x24 c:/intelfpga_lite/18.1/nios2eds/bin/gnu/h-x86_64-mingw32/bin/../lib/gcc/nios2-elf/5.3.0/../../../../../H-x86_64-mingw32/nios2-elf/lib/mno-hw-mul\libsmallc.a(lib_a-puts.o)
 .comment       0x0000000000000023       0x24 c:/intelfpga_lite/18.1/nios2eds/bin/gnu/h-x86_64-mingw32/bin/../lib/gcc/nios2-elf/5.3.0/../../../../../H-x86_64-mingw32/nios2-elf/lib/mno-hw-mul\libsmallc.a(lib_a-strlen.o)
 .comment       0x0000000000000023       0x24 c:/intelfpga_lite/18.1/nios2eds/bin/gnu/h-x86_64-mingw32/bin/../lib/gcc/nios2-elf/5.3.0/../../../../../H-x86_64-mingw32/nios2-elf/lib/mno-hw-mul\libsmallc.a(lib_a-vfprintf.o)
 .comment       0x0000000000000023       0x24 c:/intelfpga_lite/18.1/nios2eds/bin/gnu/h-x86_64-mingw32/bin/../lib/gcc/nios2-elf/5.3.0/../../../../../H-x86_64-mingw32/nios2-elf/lib/mno-hw-mul\libsmallc.a(lib_a-fvwrite_small_dev.o)
 .comment       0x0000000000000023       0x24 c:/intelfpga_lite/18.1/nios2eds/bin/gnu/h-x86_64-mingw32/bin/../lib/gcc/nios2-elf/5.3.0/../../../../../H-x86_64-mingw32/nios2-elf/lib/mno-hw-mul\libsmallc.a(lib_a-impure.o)
 .comment       0x0000000000000023       0x24 c:/intelfpga_lite/18.1/nios2eds/bin/gnu/h-x86_64-mingw32/bin/../lib/gcc/nios2-elf/5.3.0/../../../../../H-x86_64-mingw32/nios2-elf/lib/mno-hw-mul\libsmallc.a(lib_a-writer.o)
 .comment       0x0000000000000023       0x24 c:/intelfpga_lite/18.1/nios2eds/bin/gnu/h-x86_64-mingw32/bin/../lib/gcc/nios2-elf/5.3.0/../../../../../H-x86_64-mingw32/nios2-elf/lib/mno-hw-mul\libsmallc.a(lib_a-int_errno.o)
 .comment       0x0000000000000023       0x24 c:/intelfpga_lite/18.1/nios2eds/bin/gnu/h-x86_64-mingw32/bin/../lib/gcc/nios2-elf/5.3.0/mno-hw-mul\libgcc.a(lib2-divmod.o)
 .comment       0x0000000000000023       0x24 c:/intelfpga_lite/18.1/nios2eds/bin/gnu/h-x86_64-mingw32/bin/../lib/gcc/nios2-elf/5.3.0/mno-hw-mul\libgcc.a(lib2-mul.o)
 .comment       0x0000000000000023       0x24 ../vga_bsp/\libhal_bsp.a(alt_iic.o)
 .comment       0x0000000000000023       0x24 ../vga_bsp/\libhal_bsp.a(alt_iic_isr_register.o)
 .comment       0x0000000000000023       0x24 ../vga_bsp/\libhal_bsp.a(alt_irq_handler.o)
 .comment       0x0000000000000023       0x24 ../vga_bsp/\libhal_bsp.a(alt_irq_vars.o)
 .comment       0x0000000000000023       0x24 ../vga_bsp/\libhal_bsp.a(alt_load.o)
 .comment       0x0000000000000023       0x24 ../vga_bsp/\libhal_bsp.a(alt_main.o)
 .comment       0x0000000000000023       0x24 ../vga_bsp/\libhal_bsp.a(alt_usleep.o)
 .comment       0x0000000000000023       0x24 ../vga_bsp/\libhal_bsp.a(alt_write.o)
 .comment       0x0000000000000023       0x24 ../vga_bsp/\libhal_bsp.a(alt_sys_init.o)
 .comment       0x0000000000000023       0x24 ../vga_bsp/\libhal_bsp.a(altera_avalon_i2c.o)
 .comment       0x0000000000000023       0x24 ../vga_bsp/\libhal_bsp.a(altera_avalon_jtag_uart_fd.o)
 .comment       0x0000000000000023       0x24 ../vga_bsp/\libhal_bsp.a(altera_avalon_jtag_uart_init.o)
 .comment       0x0000000000000023       0x24 ../vga_bsp/\libhal_bsp.a(altera_avalon_jtag_uart_ioctl.o)
 .comment       0x0000000000000023       0x24 ../vga_bsp/\libhal_bsp.a(altera_avalon_jtag_uart_read.o)
 .comment       0x0000000000000023       0x24 ../vga_bsp/\libhal_bsp.a(altera_avalon_jtag_uart_write.o)
 .comment       0x0000000000000023       0x24 ../vga_bsp/\libhal_bsp.a(altera_avalon_timer_sc.o)
 .comment       0x0000000000000023       0x24 ../vga_bsp/\libhal_bsp.a(alt_alarm_start.o)
 .comment       0x0000000000000023       0x24 ../vga_bsp/\libhal_bsp.a(alt_busy_sleep.o)
 .comment       0x0000000000000023       0x24 ../vga_bsp/\libhal_bsp.a(alt_close.o)
 .comment       0x0000000000000023       0x24 ../vga_bsp/\libhal_bsp.a(alt_dcache_flush_all.o)
 .comment       0x0000000000000023       0x24 ../vga_bsp/\libhal_bsp.a(alt_dev.o)
 .comment       0x0000000000000023       0x24 ../vga_bsp/\libhal_bsp.a(alt_dev_llist_insert.o)
 .comment       0x0000000000000023       0x24 ../vga_bsp/\libhal_bsp.a(alt_do_ctors.o)
 .comment       0x0000000000000023       0x24 ../vga_bsp/\libhal_bsp.a(alt_do_dtors.o)
 .comment       0x0000000000000023       0x24 ../vga_bsp/\libhal_bsp.a(alt_errno.o)
 .comment       0x0000000000000023       0x24 ../vga_bsp/\libhal_bsp.a(alt_find_dev.o)
 .comment       0x0000000000000023       0x24 ../vga_bsp/\libhal_bsp.a(alt_icache_flush_all.o)
 .comment       0x0000000000000023       0x24 ../vga_bsp/\libhal_bsp.a(alt_instruction_exception_entry.o)
 .comment       0x0000000000000023       0x24 ../vga_bsp/\libhal_bsp.a(alt_io_redirect.o)
 .comment       0x0000000000000023       0x24 ../vga_bsp/\libhal_bsp.a(alt_open.o)
 .comment       0x0000000000000023       0x24 ../vga_bsp/\libhal_bsp.a(alt_printf.o)
 .comment       0x0000000000000023       0x24 ../vga_bsp/\libhal_bsp.a(alt_putchar.o)
 .comment       0x0000000000000023       0x24 ../vga_bsp/\libhal_bsp.a(alt_release_fd.o)
 .comment       0x0000000000000023       0x24 ../vga_bsp/\libhal_bsp.a(alt_tick.o)
 .comment       0x0000000000000023       0x24 ../vga_bsp/\libhal_bsp.a(altera_nios2_gen2_irq.o)
 .comment       0x0000000000000023       0x24 ../vga_bsp/\libhal_bsp.a(alt_find_file.o)
 .comment       0x0000000000000023       0x24 ../vga_bsp/\libhal_bsp.a(alt_get_fd.o)
 .comment       0x0000000000000023       0x24 c:/intelfpga_lite/18.1/nios2eds/bin/gnu/h-x86_64-mingw32/bin/../lib/gcc/nios2-elf/5.3.0/../../../../../H-x86_64-mingw32/nios2-elf/lib/mno-hw-mul\libsmallc.a(lib_a-atexit.o)
 .comment       0x0000000000000023       0x24 c:/intelfpga_lite/18.1/nios2eds/bin/gnu/h-x86_64-mingw32/bin/../lib/gcc/nios2-elf/5.3.0/../../../../../H-x86_64-mingw32/nios2-elf/lib/mno-hw-mul\libsmallc.a(lib_a-exit.o)
 .comment       0x0000000000000023       0x24 c:/intelfpga_lite/18.1/nios2eds/bin/gnu/h-x86_64-mingw32/bin/../lib/gcc/nios2-elf/5.3.0/../../../../../H-x86_64-mingw32/nios2-elf/lib/mno-hw-mul\libsmallc.a(lib_a-memcmp.o)
 .comment       0x0000000000000023       0x24 c:/intelfpga_lite/18.1/nios2eds/bin/gnu/h-x86_64-mingw32/bin/../lib/gcc/nios2-elf/5.3.0/../../../../../H-x86_64-mingw32/nios2-elf/lib/mno-hw-mul\libsmallc.a(lib_a-memcpy.o)
 .comment       0x0000000000000023       0x24 c:/intelfpga_lite/18.1/nios2eds/bin/gnu/h-x86_64-mingw32/bin/../lib/gcc/nios2-elf/5.3.0/../../../../../H-x86_64-mingw32/nios2-elf/lib/mno-hw-mul\libsmallc.a(lib_a-putc.o)
 .comment       0x0000000000000023       0x24 c:/intelfpga_lite/18.1/nios2eds/bin/gnu/h-x86_64-mingw32/bin/../lib/gcc/nios2-elf/5.3.0/../../../../../H-x86_64-mingw32/nios2-elf/lib/mno-hw-mul\libsmallc.a(lib_a-__atexit.o)
 .comment       0x0000000000000023       0x24 c:/intelfpga_lite/18.1/nios2eds/bin/gnu/h-x86_64-mingw32/bin/../lib/gcc/nios2-elf/5.3.0/../../../../../H-x86_64-mingw32/nios2-elf/lib/mno-hw-mul\libsmallc.a(lib_a-__call_atexit.o)
 .comment       0x0000000000000023       0x24 ../vga_bsp/\libhal_bsp.a(alt_exit.o)

.debug
 *(.debug)

.line
 *(.line)

.debug_srcinfo
 *(.debug_srcinfo)

.debug_sfnames
 *(.debug_sfnames)

.debug_aranges  0x0000000000000000      0x7a0
 *(.debug_aranges)
 .debug_aranges
                0x0000000000000000       0x28 ../vga_bsp//obj/HAL/src/crt0.o
 .debug_aranges
                0x0000000000000028       0x20 obj/default/hello_world.o
 .debug_aranges
                0x0000000000000048       0x28 c:/intelfpga_lite/18.1/nios2eds/bin/gnu/h-x86_64-mingw32/bin/../lib/gcc/nios2-elf/5.3.0/../../../../../H-x86_64-mingw32/nios2-elf/lib/mno-hw-mul\libsmallc.a(lib_a-printf.o)
 .debug_aranges
                0x0000000000000070       0x28 c:/intelfpga_lite/18.1/nios2eds/bin/gnu/h-x86_64-mingw32/bin/../lib/gcc/nios2-elf/5.3.0/../../../../../H-x86_64-mingw32/nios2-elf/lib/mno-hw-mul\libsmallc.a(lib_a-puts.o)
 .debug_aranges
                0x0000000000000098       0x20 c:/intelfpga_lite/18.1/nios2eds/bin/gnu/h-x86_64-mingw32/bin/../lib/gcc/nios2-elf/5.3.0/../../../../../H-x86_64-mingw32/nios2-elf/lib/mno-hw-mul\libsmallc.a(lib_a-strlen.o)
 .debug_aranges
                0x00000000000000b8       0x30 c:/intelfpga_lite/18.1/nios2eds/bin/gnu/h-x86_64-mingw32/bin/../lib/gcc/nios2-elf/5.3.0/../../../../../H-x86_64-mingw32/nios2-elf/lib/mno-hw-mul\libsmallc.a(lib_a-vfprintf.o)
 .debug_aranges
                0x00000000000000e8       0x20 c:/intelfpga_lite/18.1/nios2eds/bin/gnu/h-x86_64-mingw32/bin/../lib/gcc/nios2-elf/5.3.0/../../../../../H-x86_64-mingw32/nios2-elf/lib/mno-hw-mul\libsmallc.a(lib_a-fvwrite_small_dev.o)
 .debug_aranges
                0x0000000000000108       0x18 c:/intelfpga_lite/18.1/nios2eds/bin/gnu/h-x86_64-mingw32/bin/../lib/gcc/nios2-elf/5.3.0/../../../../../H-x86_64-mingw32/nios2-elf/lib/mno-hw-mul\libsmallc.a(lib_a-impure.o)
 .debug_aranges
                0x0000000000000120       0x20 c:/intelfpga_lite/18.1/nios2eds/bin/gnu/h-x86_64-mingw32/bin/../lib/gcc/nios2-elf/5.3.0/../../../../../H-x86_64-mingw32/nios2-elf/lib/mno-hw-mul\libsmallc.a(lib_a-writer.o)
 .debug_aranges
                0x0000000000000140       0x18 c:/intelfpga_lite/18.1/nios2eds/bin/gnu/h-x86_64-mingw32/bin/../lib/gcc/nios2-elf/5.3.0/../../../../../H-x86_64-mingw32/nios2-elf/lib/mno-hw-mul\libsmallc.a(lib_a-int_errno.o)
 .debug_aranges
                0x0000000000000158       0x20 c:/intelfpga_lite/18.1/nios2eds/bin/gnu/h-x86_64-mingw32/bin/../lib/gcc/nios2-elf/5.3.0/mno-hw-mul\libgcc.a(lib2-divmod.o)
 .debug_aranges
                0x0000000000000178       0x20 c:/intelfpga_lite/18.1/nios2eds/bin/gnu/h-x86_64-mingw32/bin/../lib/gcc/nios2-elf/5.3.0/mno-hw-mul\libgcc.a(lib2-mul.o)
 .debug_aranges
                0x0000000000000198       0x20 ../vga_bsp/\libhal_bsp.a(alt_iic.o)
 .debug_aranges
                0x00000000000001b8       0x20 ../vga_bsp/\libhal_bsp.a(alt_iic_isr_register.o)
 .debug_aranges
                0x00000000000001d8       0x30 ../vga_bsp/\libhal_bsp.a(alt_irq_entry.o)
 .debug_aranges
                0x0000000000000208       0x20 ../vga_bsp/\libhal_bsp.a(alt_irq_handler.o)
 .debug_aranges
                0x0000000000000228       0x18 ../vga_bsp/\libhal_bsp.a(alt_irq_vars.o)
 .debug_aranges
                0x0000000000000240       0x20 ../vga_bsp/\libhal_bsp.a(alt_load.o)
 .debug_aranges
                0x0000000000000260       0x20 ../vga_bsp/\libhal_bsp.a(alt_main.o)
 .debug_aranges
                0x0000000000000280       0x20 ../vga_bsp/\libhal_bsp.a(alt_usleep.o)
 .debug_aranges
                0x00000000000002a0       0x20 ../vga_bsp/\libhal_bsp.a(alt_write.o)
 .debug_aranges
                0x00000000000002c0       0x20 ../vga_bsp/\libhal_bsp.a(alt_sys_init.o)
 .debug_aranges
                0x00000000000002e0       0x20 ../vga_bsp/\libhal_bsp.a(altera_avalon_i2c.o)
 .debug_aranges
                0x0000000000000300       0x20 ../vga_bsp/\libhal_bsp.a(altera_avalon_jtag_uart_fd.o)
 .debug_aranges
                0x0000000000000320       0x20 ../vga_bsp/\libhal_bsp.a(altera_avalon_jtag_uart_init.o)
 .debug_aranges
                0x0000000000000340       0x20 ../vga_bsp/\libhal_bsp.a(altera_avalon_jtag_uart_ioctl.o)
 .debug_aranges
                0x0000000000000360       0x20 ../vga_bsp/\libhal_bsp.a(altera_avalon_jtag_uart_read.o)
 .debug_aranges
                0x0000000000000380       0x20 ../vga_bsp/\libhal_bsp.a(altera_avalon_jtag_uart_write.o)
 .debug_aranges
                0x00000000000003a0       0x20 ../vga_bsp/\libhal_bsp.a(altera_avalon_timer_sc.o)
 .debug_aranges
                0x00000000000003c0       0x20 ../vga_bsp/\libhal_bsp.a(alt_alarm_start.o)
 .debug_aranges
                0x00000000000003e0       0x20 ../vga_bsp/\libhal_bsp.a(alt_busy_sleep.o)
 .debug_aranges
                0x0000000000000400       0x20 ../vga_bsp/\libhal_bsp.a(alt_close.o)
 .debug_aranges
                0x0000000000000420       0x20 ../vga_bsp/\libhal_bsp.a(alt_dcache_flush_all.o)
 .debug_aranges
                0x0000000000000440       0x20 ../vga_bsp/\libhal_bsp.a(alt_dev.o)
 .debug_aranges
                0x0000000000000460       0x20 ../vga_bsp/\libhal_bsp.a(alt_dev_llist_insert.o)
 .debug_aranges
                0x0000000000000480       0x20 ../vga_bsp/\libhal_bsp.a(alt_do_ctors.o)
 .debug_aranges
                0x00000000000004a0       0x20 ../vga_bsp/\libhal_bsp.a(alt_do_dtors.o)
 .debug_aranges
                0x00000000000004c0       0x18 ../vga_bsp/\libhal_bsp.a(alt_errno.o)
 .debug_aranges
                0x00000000000004d8       0x38 ../vga_bsp/\libhal_bsp.a(alt_exception_entry.o)
 .debug_aranges
                0x0000000000000510       0x20 ../vga_bsp/\libhal_bsp.a(alt_find_dev.o)
 .debug_aranges
                0x0000000000000530       0x20 ../vga_bsp/\libhal_bsp.a(alt_icache_flush_all.o)
 .debug_aranges
                0x0000000000000550       0x28 ../vga_bsp/\libhal_bsp.a(alt_instruction_exception_entry.o)
 .debug_aranges
                0x0000000000000578       0x20 ../vga_bsp/\libhal_bsp.a(alt_io_redirect.o)
 .debug_aranges
                0x0000000000000598       0x20 ../vga_bsp/\libhal_bsp.a(alt_open.o)
 .debug_aranges
                0x00000000000005b8       0x20 ../vga_bsp/\libhal_bsp.a(alt_printf.o)
 .debug_aranges
                0x00000000000005d8       0x20 ../vga_bsp/\libhal_bsp.a(alt_putchar.o)
 .debug_aranges
                0x00000000000005f8       0x20 ../vga_bsp/\libhal_bsp.a(alt_release_fd.o)
 .debug_aranges
                0x0000000000000618       0x20 ../vga_bsp/\libhal_bsp.a(alt_tick.o)
 .debug_aranges
                0x0000000000000638       0x20 ../vga_bsp/\libhal_bsp.a(altera_nios2_gen2_irq.o)
 .debug_aranges
                0x0000000000000658       0x20 ../vga_bsp/\libhal_bsp.a(alt_find_file.o)
 .debug_aranges
                0x0000000000000678       0x20 ../vga_bsp/\libhal_bsp.a(alt_get_fd.o)
 .debug_aranges
                0x0000000000000698       0x20 c:/intelfpga_lite/18.1/nios2eds/bin/gnu/h-x86_64-mingw32/bin/../lib/gcc/nios2-elf/5.3.0/../../../../../H-x86_64-mingw32/nios2-elf/lib/mno-hw-mul\libsmallc.a(lib_a-atexit.o)
 .debug_aranges
                0x00000000000006b8       0x20 c:/intelfpga_lite/18.1/nios2eds/bin/gnu/h-x86_64-mingw32/bin/../lib/gcc/nios2-elf/5.3.0/../../../../../H-x86_64-mingw32/nios2-elf/lib/mno-hw-mul\libsmallc.a(lib_a-exit.o)
 .debug_aranges
                0x00000000000006d8       0x20 c:/intelfpga_lite/18.1/nios2eds/bin/gnu/h-x86_64-mingw32/bin/../lib/gcc/nios2-elf/5.3.0/../../../../../H-x86_64-mingw32/nios2-elf/lib/mno-hw-mul\libsmallc.a(lib_a-memcmp.o)
 .debug_aranges
                0x00000000000006f8       0x20 c:/intelfpga_lite/18.1/nios2eds/bin/gnu/h-x86_64-mingw32/bin/../lib/gcc/nios2-elf/5.3.0/../../../../../H-x86_64-mingw32/nios2-elf/lib/mno-hw-mul\libsmallc.a(lib_a-memcpy.o)
 .debug_aranges
                0x0000000000000718       0x28 c:/intelfpga_lite/18.1/nios2eds/bin/gnu/h-x86_64-mingw32/bin/../lib/gcc/nios2-elf/5.3.0/../../../../../H-x86_64-mingw32/nios2-elf/lib/mno-hw-mul\libsmallc.a(lib_a-putc.o)
 .debug_aranges
                0x0000000000000740       0x20 c:/intelfpga_lite/18.1/nios2eds/bin/gnu/h-x86_64-mingw32/bin/../lib/gcc/nios2-elf/5.3.0/../../../../../H-x86_64-mingw32/nios2-elf/lib/mno-hw-mul\libsmallc.a(lib_a-__atexit.o)
 .debug_aranges
                0x0000000000000760       0x20 c:/intelfpga_lite/18.1/nios2eds/bin/gnu/h-x86_64-mingw32/bin/../lib/gcc/nios2-elf/5.3.0/../../../../../H-x86_64-mingw32/nios2-elf/lib/mno-hw-mul\libsmallc.a(lib_a-__call_atexit.o)
 .debug_aranges
                0x0000000000000780       0x20 ../vga_bsp/\libhal_bsp.a(alt_exit.o)

.debug_pubnames
 *(.debug_pubnames)

.debug_info     0x0000000000000000     0xb8cb
 *(.debug_info .gnu.linkonce.wi.*)
 .debug_info    0x0000000000000000       0x6d ../vga_bsp//obj/HAL/src/crt0.o
 .debug_info    0x000000000000006d      0x3d4 obj/default/hello_world.o
 .debug_info    0x0000000000000441      0x699 c:/intelfpga_lite/18.1/nios2eds/bin/gnu/h-x86_64-mingw32/bin/../lib/gcc/nios2-elf/5.3.0/../../../../../H-x86_64-mingw32/nios2-elf/lib/mno-hw-mul\libsmallc.a(lib_a-printf.o)
 .debug_info    0x0000000000000ada      0x66d c:/intelfpga_lite/18.1/nios2eds/bin/gnu/h-x86_64-mingw32/bin/../lib/gcc/nios2-elf/5.3.0/../../../../../H-x86_64-mingw32/nios2-elf/lib/mno-hw-mul\libsmallc.a(lib_a-puts.o)
 .debug_info    0x0000000000001147       0xc9 c:/intelfpga_lite/18.1/nios2eds/bin/gnu/h-x86_64-mingw32/bin/../lib/gcc/nios2-elf/5.3.0/../../../../../H-x86_64-mingw32/nios2-elf/lib/mno-hw-mul\libsmallc.a(lib_a-strlen.o)
 .debug_info    0x0000000000001210      0xb2b c:/intelfpga_lite/18.1/nios2eds/bin/gnu/h-x86_64-mingw32/bin/../lib/gcc/nios2-elf/5.3.0/../../../../../H-x86_64-mingw32/nios2-elf/lib/mno-hw-mul\libsmallc.a(lib_a-vfprintf.o)
 .debug_info    0x0000000000001d3b      0x62b c:/intelfpga_lite/18.1/nios2eds/bin/gnu/h-x86_64-mingw32/bin/../lib/gcc/nios2-elf/5.3.0/../../../../../H-x86_64-mingw32/nios2-elf/lib/mno-hw-mul\libsmallc.a(lib_a-fvwrite_small_dev.o)
 .debug_info    0x0000000000002366      0x5a9 c:/intelfpga_lite/18.1/nios2eds/bin/gnu/h-x86_64-mingw32/bin/../lib/gcc/nios2-elf/5.3.0/../../../../../H-x86_64-mingw32/nios2-elf/lib/mno-hw-mul\libsmallc.a(lib_a-impure.o)
 .debug_info    0x000000000000290f      0x630 c:/intelfpga_lite/18.1/nios2eds/bin/gnu/h-x86_64-mingw32/bin/../lib/gcc/nios2-elf/5.3.0/../../../../../H-x86_64-mingw32/nios2-elf/lib/mno-hw-mul\libsmallc.a(lib_a-writer.o)
 .debug_info    0x0000000000002f3f       0x8a c:/intelfpga_lite/18.1/nios2eds/bin/gnu/h-x86_64-mingw32/bin/../lib/gcc/nios2-elf/5.3.0/../../../../../H-x86_64-mingw32/nios2-elf/lib/mno-hw-mul\libsmallc.a(lib_a-int_errno.o)
 .debug_info    0x0000000000002fc9      0x2c6 c:/intelfpga_lite/18.1/nios2eds/bin/gnu/h-x86_64-mingw32/bin/../lib/gcc/nios2-elf/5.3.0/mno-hw-mul\libgcc.a(lib2-divmod.o)
 .debug_info    0x000000000000328f       0xb4 c:/intelfpga_lite/18.1/nios2eds/bin/gnu/h-x86_64-mingw32/bin/../lib/gcc/nios2-elf/5.3.0/mno-hw-mul\libgcc.a(lib2-mul.o)
 .debug_info    0x0000000000003343      0x350 ../vga_bsp/\libhal_bsp.a(alt_iic.o)
 .debug_info    0x0000000000003693      0x1ef ../vga_bsp/\libhal_bsp.a(alt_iic_isr_register.o)
 .debug_info    0x0000000000003882       0x76 ../vga_bsp/\libhal_bsp.a(alt_irq_entry.o)
 .debug_info    0x00000000000038f8      0x187 ../vga_bsp/\libhal_bsp.a(alt_irq_handler.o)
 .debug_info    0x0000000000003a7f       0x88 ../vga_bsp/\libhal_bsp.a(alt_irq_vars.o)
 .debug_info    0x0000000000003b07      0x145 ../vga_bsp/\libhal_bsp.a(alt_load.o)
 .debug_info    0x0000000000003c4c      0x131 ../vga_bsp/\libhal_bsp.a(alt_main.o)
 .debug_info    0x0000000000003d7d       0xb0 ../vga_bsp/\libhal_bsp.a(alt_usleep.o)
 .debug_info    0x0000000000003e2d      0x4b7 ../vga_bsp/\libhal_bsp.a(alt_write.o)
 .debug_info    0x00000000000042e4      0x5e8 ../vga_bsp/\libhal_bsp.a(alt_sys_init.o)
 .debug_info    0x00000000000048cc     0x10de ../vga_bsp/\libhal_bsp.a(altera_avalon_i2c.o)
 .debug_info    0x00000000000059aa      0x52e ../vga_bsp/\libhal_bsp.a(altera_avalon_jtag_uart_fd.o)
 .debug_info    0x0000000000005ed8      0x3a0 ../vga_bsp/\libhal_bsp.a(altera_avalon_jtag_uart_init.o)
 .debug_info    0x0000000000006278      0x280 ../vga_bsp/\libhal_bsp.a(altera_avalon_jtag_uart_ioctl.o)
 .debug_info    0x00000000000064f8      0x345 ../vga_bsp/\libhal_bsp.a(altera_avalon_jtag_uart_read.o)
 .debug_info    0x000000000000683d      0x340 ../vga_bsp/\libhal_bsp.a(altera_avalon_jtag_uart_write.o)
 .debug_info    0x0000000000006b7d      0x226 ../vga_bsp/\libhal_bsp.a(altera_avalon_timer_sc.o)
 .debug_info    0x0000000000006da3      0x2cc ../vga_bsp/\libhal_bsp.a(alt_alarm_start.o)
 .debug_info    0x000000000000706f       0xd7 ../vga_bsp/\libhal_bsp.a(alt_busy_sleep.o)
 .debug_info    0x0000000000007146      0x321 ../vga_bsp/\libhal_bsp.a(alt_close.o)
 .debug_info    0x0000000000007467       0x92 ../vga_bsp/\libhal_bsp.a(alt_dcache_flush_all.o)
 .debug_info    0x00000000000074f9      0x49c ../vga_bsp/\libhal_bsp.a(alt_dev.o)
 .debug_info    0x0000000000007995      0x1a9 ../vga_bsp/\libhal_bsp.a(alt_dev_llist_insert.o)
 .debug_info    0x0000000000007b3e       0x83 ../vga_bsp/\libhal_bsp.a(alt_do_ctors.o)
 .debug_info    0x0000000000007bc1       0x83 ../vga_bsp/\libhal_bsp.a(alt_do_dtors.o)
 .debug_info    0x0000000000007c44       0xa6 ../vga_bsp/\libhal_bsp.a(alt_errno.o)
 .debug_info    0x0000000000007cea       0x7c ../vga_bsp/\libhal_bsp.a(alt_exception_entry.o)
 .debug_info    0x0000000000007d66      0x2e9 ../vga_bsp/\libhal_bsp.a(alt_find_dev.o)
 .debug_info    0x000000000000804f       0x92 ../vga_bsp/\libhal_bsp.a(alt_icache_flush_all.o)
 .debug_info    0x00000000000080e1      0x1e7 ../vga_bsp/\libhal_bsp.a(alt_instruction_exception_entry.o)
 .debug_info    0x00000000000082c8      0x4a5 ../vga_bsp/\libhal_bsp.a(alt_io_redirect.o)
 .debug_info    0x000000000000876d      0x3bb ../vga_bsp/\libhal_bsp.a(alt_open.o)
 .debug_info    0x0000000000008b28      0x119 ../vga_bsp/\libhal_bsp.a(alt_printf.o)
 .debug_info    0x0000000000008c41      0x8a6 ../vga_bsp/\libhal_bsp.a(alt_putchar.o)
 .debug_info    0x00000000000094e7      0x2b0 ../vga_bsp/\libhal_bsp.a(alt_release_fd.o)
 .debug_info    0x0000000000009797      0x299 ../vga_bsp/\libhal_bsp.a(alt_tick.o)
 .debug_info    0x0000000000009a30       0x92 ../vga_bsp/\libhal_bsp.a(altera_nios2_gen2_irq.o)
 .debug_info    0x0000000000009ac2      0x2e6 ../vga_bsp/\libhal_bsp.a(alt_find_file.o)
 .debug_info    0x0000000000009da8      0x310 ../vga_bsp/\libhal_bsp.a(alt_get_fd.o)
 .debug_info    0x000000000000a0b8       0xfe c:/intelfpga_lite/18.1/nios2eds/bin/gnu/h-x86_64-mingw32/bin/../lib/gcc/nios2-elf/5.3.0/../../../../../H-x86_64-mingw32/nios2-elf/lib/mno-hw-mul\libsmallc.a(lib_a-atexit.o)
 .debug_info    0x000000000000a1b6       0xe5 c:/intelfpga_lite/18.1/nios2eds/bin/gnu/h-x86_64-mingw32/bin/../lib/gcc/nios2-elf/5.3.0/../../../../../H-x86_64-mingw32/nios2-elf/lib/mno-hw-mul\libsmallc.a(lib_a-exit.o)
 .debug_info    0x000000000000a29b       0xf4 c:/intelfpga_lite/18.1/nios2eds/bin/gnu/h-x86_64-mingw32/bin/../lib/gcc/nios2-elf/5.3.0/../../../../../H-x86_64-mingw32/nios2-elf/lib/mno-hw-mul\libsmallc.a(lib_a-memcmp.o)
 .debug_info    0x000000000000a38f      0x119 c:/intelfpga_lite/18.1/nios2eds/bin/gnu/h-x86_64-mingw32/bin/../lib/gcc/nios2-elf/5.3.0/../../../../../H-x86_64-mingw32/nios2-elf/lib/mno-hw-mul\libsmallc.a(lib_a-memcpy.o)
 .debug_info    0x000000000000a4a8      0x672 c:/intelfpga_lite/18.1/nios2eds/bin/gnu/h-x86_64-mingw32/bin/../lib/gcc/nios2-elf/5.3.0/../../../../../H-x86_64-mingw32/nios2-elf/lib/mno-hw-mul\libsmallc.a(lib_a-putc.o)
 .debug_info    0x000000000000ab1a      0x64a c:/intelfpga_lite/18.1/nios2eds/bin/gnu/h-x86_64-mingw32/bin/../lib/gcc/nios2-elf/5.3.0/../../../../../H-x86_64-mingw32/nios2-elf/lib/mno-hw-mul\libsmallc.a(lib_a-__atexit.o)
 .debug_info    0x000000000000b164      0x67b c:/intelfpga_lite/18.1/nios2eds/bin/gnu/h-x86_64-mingw32/bin/../lib/gcc/nios2-elf/5.3.0/../../../../../H-x86_64-mingw32/nios2-elf/lib/mno-hw-mul\libsmallc.a(lib_a-__call_atexit.o)
 .debug_info    0x000000000000b7df       0xec ../vga_bsp/\libhal_bsp.a(alt_exit.o)

.debug_abbrev   0x0000000000000000     0x3d8d
 *(.debug_abbrev)
 .debug_abbrev  0x0000000000000000       0x12 ../vga_bsp//obj/HAL/src/crt0.o
 .debug_abbrev  0x0000000000000012      0x17a obj/default/hello_world.o
 .debug_abbrev  0x000000000000018c      0x1ee c:/intelfpga_lite/18.1/nios2eds/bin/gnu/h-x86_64-mingw32/bin/../lib/gcc/nios2-elf/5.3.0/../../../../../H-x86_64-mingw32/nios2-elf/lib/mno-hw-mul\libsmallc.a(lib_a-printf.o)
 .debug_abbrev  0x000000000000037a      0x1d6 c:/intelfpga_lite/18.1/nios2eds/bin/gnu/h-x86_64-mingw32/bin/../lib/gcc/nios2-elf/5.3.0/../../../../../H-x86_64-mingw32/nios2-elf/lib/mno-hw-mul\libsmallc.a(lib_a-puts.o)
 .debug_abbrev  0x0000000000000550       0x7f c:/intelfpga_lite/18.1/nios2eds/bin/gnu/h-x86_64-mingw32/bin/../lib/gcc/nios2-elf/5.3.0/../../../../../H-x86_64-mingw32/nios2-elf/lib/mno-hw-mul\libsmallc.a(lib_a-strlen.o)
 .debug_abbrev  0x00000000000005cf      0x2a1 c:/intelfpga_lite/18.1/nios2eds/bin/gnu/h-x86_64-mingw32/bin/../lib/gcc/nios2-elf/5.3.0/../../../../../H-x86_64-mingw32/nios2-elf/lib/mno-hw-mul\libsmallc.a(lib_a-vfprintf.o)
 .debug_abbrev  0x0000000000000870      0x1bc c:/intelfpga_lite/18.1/nios2eds/bin/gnu/h-x86_64-mingw32/bin/../lib/gcc/nios2-elf/5.3.0/../../../../../H-x86_64-mingw32/nios2-elf/lib/mno-hw-mul\libsmallc.a(lib_a-fvwrite_small_dev.o)
 .debug_abbrev  0x0000000000000a2c      0x14a c:/intelfpga_lite/18.1/nios2eds/bin/gnu/h-x86_64-mingw32/bin/../lib/gcc/nios2-elf/5.3.0/../../../../../H-x86_64-mingw32/nios2-elf/lib/mno-hw-mul\libsmallc.a(lib_a-impure.o)
 .debug_abbrev  0x0000000000000b76      0x1a6 c:/intelfpga_lite/18.1/nios2eds/bin/gnu/h-x86_64-mingw32/bin/../lib/gcc/nios2-elf/5.3.0/../../../../../H-x86_64-mingw32/nios2-elf/lib/mno-hw-mul\libsmallc.a(lib_a-writer.o)
 .debug_abbrev  0x0000000000000d1c       0x37 c:/intelfpga_lite/18.1/nios2eds/bin/gnu/h-x86_64-mingw32/bin/../lib/gcc/nios2-elf/5.3.0/../../../../../H-x86_64-mingw32/nios2-elf/lib/mno-hw-mul\libsmallc.a(lib_a-int_errno.o)
 .debug_abbrev  0x0000000000000d53      0x10e c:/intelfpga_lite/18.1/nios2eds/bin/gnu/h-x86_64-mingw32/bin/../lib/gcc/nios2-elf/5.3.0/mno-hw-mul\libgcc.a(lib2-divmod.o)
 .debug_abbrev  0x0000000000000e61       0x6f c:/intelfpga_lite/18.1/nios2eds/bin/gnu/h-x86_64-mingw32/bin/../lib/gcc/nios2-elf/5.3.0/mno-hw-mul\libgcc.a(lib2-mul.o)
 .debug_abbrev  0x0000000000000ed0      0x163 ../vga_bsp/\libhal_bsp.a(alt_iic.o)
 .debug_abbrev  0x0000000000001033      0x169 ../vga_bsp/\libhal_bsp.a(alt_iic_isr_register.o)
 .debug_abbrev  0x000000000000119c       0x12 ../vga_bsp/\libhal_bsp.a(alt_irq_entry.o)
 .debug_abbrev  0x00000000000011ae      0x122 ../vga_bsp/\libhal_bsp.a(alt_irq_handler.o)
 .debug_abbrev  0x00000000000012d0       0x40 ../vga_bsp/\libhal_bsp.a(alt_irq_vars.o)
 .debug_abbrev  0x0000000000001310       0x9f ../vga_bsp/\libhal_bsp.a(alt_load.o)
 .debug_abbrev  0x00000000000013af       0xba ../vga_bsp/\libhal_bsp.a(alt_main.o)
 .debug_abbrev  0x0000000000001469       0x60 ../vga_bsp/\libhal_bsp.a(alt_usleep.o)
 .debug_abbrev  0x00000000000014c9      0x133 ../vga_bsp/\libhal_bsp.a(alt_write.o)
 .debug_abbrev  0x00000000000015fc      0x1aa ../vga_bsp/\libhal_bsp.a(alt_sys_init.o)
 .debug_abbrev  0x00000000000017a6      0x30c ../vga_bsp/\libhal_bsp.a(altera_avalon_i2c.o)
 .debug_abbrev  0x0000000000001ab2      0x127 ../vga_bsp/\libhal_bsp.a(altera_avalon_jtag_uart_fd.o)
 .debug_abbrev  0x0000000000001bd9      0x19e ../vga_bsp/\libhal_bsp.a(altera_avalon_jtag_uart_init.o)
 .debug_abbrev  0x0000000000001d77      0x111 ../vga_bsp/\libhal_bsp.a(altera_avalon_jtag_uart_ioctl.o)
 .debug_abbrev  0x0000000000001e88      0x1aa ../vga_bsp/\libhal_bsp.a(altera_avalon_jtag_uart_read.o)
 .debug_abbrev  0x0000000000002032      0x1a8 ../vga_bsp/\libhal_bsp.a(altera_avalon_jtag_uart_write.o)
 .debug_abbrev  0x00000000000021da      0x155 ../vga_bsp/\libhal_bsp.a(altera_avalon_timer_sc.o)
 .debug_abbrev  0x000000000000232f      0x162 ../vga_bsp/\libhal_bsp.a(alt_alarm_start.o)
 .debug_abbrev  0x0000000000002491       0x7e ../vga_bsp/\libhal_bsp.a(alt_busy_sleep.o)
 .debug_abbrev  0x000000000000250f      0x11f ../vga_bsp/\libhal_bsp.a(alt_close.o)
 .debug_abbrev  0x000000000000262e       0x42 ../vga_bsp/\libhal_bsp.a(alt_dcache_flush_all.o)
 .debug_abbrev  0x0000000000002670       0xd9 ../vga_bsp/\libhal_bsp.a(alt_dev.o)
 .debug_abbrev  0x0000000000002749      0x114 ../vga_bsp/\libhal_bsp.a(alt_dev_llist_insert.o)
 .debug_abbrev  0x000000000000285d       0x79 ../vga_bsp/\libhal_bsp.a(alt_do_ctors.o)
 .debug_abbrev  0x00000000000028d6       0x79 ../vga_bsp/\libhal_bsp.a(alt_do_dtors.o)
 .debug_abbrev  0x000000000000294f       0x5a ../vga_bsp/\libhal_bsp.a(alt_errno.o)
 .debug_abbrev  0x00000000000029a9       0x12 ../vga_bsp/\libhal_bsp.a(alt_exception_entry.o)
 .debug_abbrev  0x00000000000029bb       0xf0 ../vga_bsp/\libhal_bsp.a(alt_find_dev.o)
 .debug_abbrev  0x0000000000002aab       0x42 ../vga_bsp/\libhal_bsp.a(alt_icache_flush_all.o)
 .debug_abbrev  0x0000000000002aed       0xdc ../vga_bsp/\libhal_bsp.a(alt_instruction_exception_entry.o)
 .debug_abbrev  0x0000000000002bc9      0x114 ../vga_bsp/\libhal_bsp.a(alt_io_redirect.o)
 .debug_abbrev  0x0000000000002cdd      0x148 ../vga_bsp/\libhal_bsp.a(alt_open.o)
 .debug_abbrev  0x0000000000002e25       0xb0 ../vga_bsp/\libhal_bsp.a(alt_printf.o)
 .debug_abbrev  0x0000000000002ed5      0x1af ../vga_bsp/\libhal_bsp.a(alt_putchar.o)
 .debug_abbrev  0x0000000000003084       0xde ../vga_bsp/\libhal_bsp.a(alt_release_fd.o)
 .debug_abbrev  0x0000000000003162      0x15a ../vga_bsp/\libhal_bsp.a(alt_tick.o)
 .debug_abbrev  0x00000000000032bc       0x42 ../vga_bsp/\libhal_bsp.a(altera_nios2_gen2_irq.o)
 .debug_abbrev  0x00000000000032fe       0xf0 ../vga_bsp/\libhal_bsp.a(alt_find_file.o)
 .debug_abbrev  0x00000000000033ee      0x10d ../vga_bsp/\libhal_bsp.a(alt_get_fd.o)
 .debug_abbrev  0x00000000000034fb       0xaa c:/intelfpga_lite/18.1/nios2eds/bin/gnu/h-x86_64-mingw32/bin/../lib/gcc/nios2-elf/5.3.0/../../../../../H-x86_64-mingw32/nios2-elf/lib/mno-hw-mul\libsmallc.a(lib_a-atexit.o)
 .debug_abbrev  0x00000000000035a5       0x8b c:/intelfpga_lite/18.1/nios2eds/bin/gnu/h-x86_64-mingw32/bin/../lib/gcc/nios2-elf/5.3.0/../../../../../H-x86_64-mingw32/nios2-elf/lib/mno-hw-mul\libsmallc.a(lib_a-exit.o)
 .debug_abbrev  0x0000000000003630       0x7f c:/intelfpga_lite/18.1/nios2eds/bin/gnu/h-x86_64-mingw32/bin/../lib/gcc/nios2-elf/5.3.0/../../../../../H-x86_64-mingw32/nios2-elf/lib/mno-hw-mul\libsmallc.a(lib_a-memcmp.o)
 .debug_abbrev  0x00000000000036af       0x9c c:/intelfpga_lite/18.1/nios2eds/bin/gnu/h-x86_64-mingw32/bin/../lib/gcc/nios2-elf/5.3.0/../../../../../H-x86_64-mingw32/nios2-elf/lib/mno-hw-mul\libsmallc.a(lib_a-memcpy.o)
 .debug_abbrev  0x000000000000374b      0x1bd c:/intelfpga_lite/18.1/nios2eds/bin/gnu/h-x86_64-mingw32/bin/../lib/gcc/nios2-elf/5.3.0/../../../../../H-x86_64-mingw32/nios2-elf/lib/mno-hw-mul\libsmallc.a(lib_a-putc.o)
 .debug_abbrev  0x0000000000003908      0x1e6 c:/intelfpga_lite/18.1/nios2eds/bin/gnu/h-x86_64-mingw32/bin/../lib/gcc/nios2-elf/5.3.0/../../../../../H-x86_64-mingw32/nios2-elf/lib/mno-hw-mul\libsmallc.a(lib_a-__atexit.o)
 .debug_abbrev  0x0000000000003aee      0x1f6 c:/intelfpga_lite/18.1/nios2eds/bin/gnu/h-x86_64-mingw32/bin/../lib/gcc/nios2-elf/5.3.0/../../../../../H-x86_64-mingw32/nios2-elf/lib/mno-hw-mul\libsmallc.a(lib_a-__call_atexit.o)
 .debug_abbrev  0x0000000000003ce4       0xa9 ../vga_bsp/\libhal_bsp.a(alt_exit.o)

.debug_line     0x0000000000000000     0x42b0
 *(.debug_line)
 .debug_line    0x0000000000000000       0x66 ../vga_bsp//obj/HAL/src/crt0.o
 .debug_line    0x0000000000000066      0x12f obj/default/hello_world.o
 .debug_line    0x0000000000000195      0x203 c:/intelfpga_lite/18.1/nios2eds/bin/gnu/h-x86_64-mingw32/bin/../lib/gcc/nios2-elf/5.3.0/../../../../../H-x86_64-mingw32/nios2-elf/lib/mno-hw-mul\libsmallc.a(lib_a-printf.o)
 .debug_line    0x0000000000000398      0x206 c:/intelfpga_lite/18.1/nios2eds/bin/gnu/h-x86_64-mingw32/bin/../lib/gcc/nios2-elf/5.3.0/../../../../../H-x86_64-mingw32/nios2-elf/lib/mno-hw-mul\libsmallc.a(lib_a-puts.o)
 .debug_line    0x000000000000059e      0x15c c:/intelfpga_lite/18.1/nios2eds/bin/gnu/h-x86_64-mingw32/bin/../lib/gcc/nios2-elf/5.3.0/../../../../../H-x86_64-mingw32/nios2-elf/lib/mno-hw-mul\libsmallc.a(lib_a-strlen.o)
 .debug_line    0x00000000000006fa      0x351 c:/intelfpga_lite/18.1/nios2eds/bin/gnu/h-x86_64-mingw32/bin/../lib/gcc/nios2-elf/5.3.0/../../../../../H-x86_64-mingw32/nios2-elf/lib/mno-hw-mul\libsmallc.a(lib_a-vfprintf.o)
 .debug_line    0x0000000000000a4b      0x1f0 c:/intelfpga_lite/18.1/nios2eds/bin/gnu/h-x86_64-mingw32/bin/../lib/gcc/nios2-elf/5.3.0/../../../../../H-x86_64-mingw32/nios2-elf/lib/mno-hw-mul\libsmallc.a(lib_a-fvwrite_small_dev.o)
 .debug_line    0x0000000000000c3b      0x156 c:/intelfpga_lite/18.1/nios2eds/bin/gnu/h-x86_64-mingw32/bin/../lib/gcc/nios2-elf/5.3.0/../../../../../H-x86_64-mingw32/nios2-elf/lib/mno-hw-mul\libsmallc.a(lib_a-impure.o)
 .debug_line    0x0000000000000d91      0x1ed c:/intelfpga_lite/18.1/nios2eds/bin/gnu/h-x86_64-mingw32/bin/../lib/gcc/nios2-elf/5.3.0/../../../../../H-x86_64-mingw32/nios2-elf/lib/mno-hw-mul\libsmallc.a(lib_a-writer.o)
 .debug_line    0x0000000000000f7e       0x5f c:/intelfpga_lite/18.1/nios2eds/bin/gnu/h-x86_64-mingw32/bin/../lib/gcc/nios2-elf/5.3.0/../../../../../H-x86_64-mingw32/nios2-elf/lib/mno-hw-mul\libsmallc.a(lib_a-int_errno.o)
 .debug_line    0x0000000000000fdd      0x105 c:/intelfpga_lite/18.1/nios2eds/bin/gnu/h-x86_64-mingw32/bin/../lib/gcc/nios2-elf/5.3.0/mno-hw-mul\libgcc.a(lib2-divmod.o)
 .debug_line    0x00000000000010e2       0x80 c:/intelfpga_lite/18.1/nios2eds/bin/gnu/h-x86_64-mingw32/bin/../lib/gcc/nios2-elf/5.3.0/mno-hw-mul\libgcc.a(lib2-mul.o)
 .debug_line    0x0000000000001162       0xeb ../vga_bsp/\libhal_bsp.a(alt_iic.o)
 .debug_line    0x000000000000124d       0xdb ../vga_bsp/\libhal_bsp.a(alt_iic_isr_register.o)
 .debug_line    0x0000000000001328       0x6b ../vga_bsp/\libhal_bsp.a(alt_irq_entry.o)
 .debug_line    0x0000000000001393       0xaa ../vga_bsp/\libhal_bsp.a(alt_irq_handler.o)
 .debug_line    0x000000000000143d       0x50 ../vga_bsp/\libhal_bsp.a(alt_irq_vars.o)
 .debug_line    0x000000000000148d       0x8e ../vga_bsp/\libhal_bsp.a(alt_load.o)
 .debug_line    0x000000000000151b       0xa4 ../vga_bsp/\libhal_bsp.a(alt_main.o)
 .debug_line    0x00000000000015bf       0xad ../vga_bsp/\libhal_bsp.a(alt_usleep.o)
 .debug_line    0x000000000000166c      0x1db ../vga_bsp/\libhal_bsp.a(alt_write.o)
 .debug_line    0x0000000000001847      0x16a ../vga_bsp/\libhal_bsp.a(alt_sys_init.o)
 .debug_line    0x00000000000019b1      0x4e4 ../vga_bsp/\libhal_bsp.a(altera_avalon_i2c.o)
 .debug_line    0x0000000000001e95      0x12f ../vga_bsp/\libhal_bsp.a(altera_avalon_jtag_uart_fd.o)
 .debug_line    0x0000000000001fc4      0x18b ../vga_bsp/\libhal_bsp.a(altera_avalon_jtag_uart_init.o)
 .debug_line    0x000000000000214f      0x131 ../vga_bsp/\libhal_bsp.a(altera_avalon_jtag_uart_ioctl.o)
 .debug_line    0x0000000000002280      0x171 ../vga_bsp/\libhal_bsp.a(altera_avalon_jtag_uart_read.o)
 .debug_line    0x00000000000023f1      0x170 ../vga_bsp/\libhal_bsp.a(altera_avalon_jtag_uart_write.o)
 .debug_line    0x0000000000002561       0xfd ../vga_bsp/\libhal_bsp.a(altera_avalon_timer_sc.o)
 .debug_line    0x000000000000265e       0xf9 ../vga_bsp/\libhal_bsp.a(alt_alarm_start.o)
 .debug_line    0x0000000000002757       0xa2 ../vga_bsp/\libhal_bsp.a(alt_busy_sleep.o)
 .debug_line    0x00000000000027f9      0x165 ../vga_bsp/\libhal_bsp.a(alt_close.o)
 .debug_line    0x000000000000295e       0x51 ../vga_bsp/\libhal_bsp.a(alt_dcache_flush_all.o)
 .debug_line    0x00000000000029af       0xf8 ../vga_bsp/\libhal_bsp.a(alt_dev.o)
 .debug_line    0x0000000000002aa7       0xcf ../vga_bsp/\libhal_bsp.a(alt_dev_llist_insert.o)
 .debug_line    0x0000000000002b76       0x59 ../vga_bsp/\libhal_bsp.a(alt_do_ctors.o)
 .debug_line    0x0000000000002bcf       0x59 ../vga_bsp/\libhal_bsp.a(alt_do_dtors.o)
 .debug_line    0x0000000000002c28       0x51 ../vga_bsp/\libhal_bsp.a(alt_errno.o)
 .debug_line    0x0000000000002c79       0xb3 ../vga_bsp/\libhal_bsp.a(alt_exception_entry.o)
 .debug_line    0x0000000000002d2c       0xb5 ../vga_bsp/\libhal_bsp.a(alt_find_dev.o)
 .debug_line    0x0000000000002de1       0x4f ../vga_bsp/\libhal_bsp.a(alt_icache_flush_all.o)
 .debug_line    0x0000000000002e30       0xb9 ../vga_bsp/\libhal_bsp.a(alt_instruction_exception_entry.o)
 .debug_line    0x0000000000002ee9      0x135 ../vga_bsp/\libhal_bsp.a(alt_io_redirect.o)
 .debug_line    0x000000000000301e      0x12b ../vga_bsp/\libhal_bsp.a(alt_open.o)
 .debug_line    0x0000000000003149       0xef ../vga_bsp/\libhal_bsp.a(alt_printf.o)
 .debug_line    0x0000000000003238      0x120 ../vga_bsp/\libhal_bsp.a(alt_putchar.o)
 .debug_line    0x0000000000003358       0xb0 ../vga_bsp/\libhal_bsp.a(alt_release_fd.o)
 .debug_line    0x0000000000003408       0xff ../vga_bsp/\libhal_bsp.a(alt_tick.o)
 .debug_line    0x0000000000003507       0x51 ../vga_bsp/\libhal_bsp.a(altera_nios2_gen2_irq.o)
 .debug_line    0x0000000000003558       0xd1 ../vga_bsp/\libhal_bsp.a(alt_find_file.o)
 .debug_line    0x0000000000003629       0xd7 ../vga_bsp/\libhal_bsp.a(alt_get_fd.o)
 .debug_line    0x0000000000003700       0xe7 c:/intelfpga_lite/18.1/nios2eds/bin/gnu/h-x86_64-mingw32/bin/../lib/gcc/nios2-elf/5.3.0/../../../../../H-x86_64-mingw32/nios2-elf/lib/mno-hw-mul\libsmallc.a(lib_a-atexit.o)
 .debug_line    0x00000000000037e7      0x159 c:/intelfpga_lite/18.1/nios2eds/bin/gnu/h-x86_64-mingw32/bin/../lib/gcc/nios2-elf/5.3.0/../../../../../H-x86_64-mingw32/nios2-elf/lib/mno-hw-mul\libsmallc.a(lib_a-exit.o)
 .debug_line    0x0000000000003940      0x160 c:/intelfpga_lite/18.1/nios2eds/bin/gnu/h-x86_64-mingw32/bin/../lib/gcc/nios2-elf/5.3.0/../../../../../H-x86_64-mingw32/nios2-elf/lib/mno-hw-mul\libsmallc.a(lib_a-memcmp.o)
 .debug_line    0x0000000000003aa0      0x15e c:/intelfpga_lite/18.1/nios2eds/bin/gnu/h-x86_64-mingw32/bin/../lib/gcc/nios2-elf/5.3.0/../../../../../H-x86_64-mingw32/nios2-elf/lib/mno-hw-mul\libsmallc.a(lib_a-memcpy.o)
 .debug_line    0x0000000000003bfe      0x202 c:/intelfpga_lite/18.1/nios2eds/bin/gnu/h-x86_64-mingw32/bin/../lib/gcc/nios2-elf/5.3.0/../../../../../H-x86_64-mingw32/nios2-elf/lib/mno-hw-mul\libsmallc.a(lib_a-putc.o)
 .debug_line    0x0000000000003e00      0x20d c:/intelfpga_lite/18.1/nios2eds/bin/gnu/h-x86_64-mingw32/bin/../lib/gcc/nios2-elf/5.3.0/../../../../../H-x86_64-mingw32/nios2-elf/lib/mno-hw-mul\libsmallc.a(lib_a-__atexit.o)
 .debug_line    0x000000000000400d      0x232 c:/intelfpga_lite/18.1/nios2eds/bin/gnu/h-x86_64-mingw32/bin/../lib/gcc/nios2-elf/5.3.0/../../../../../H-x86_64-mingw32/nios2-elf/lib/mno-hw-mul\libsmallc.a(lib_a-__call_atexit.o)
 .debug_line    0x000000000000423f       0x71 ../vga_bsp/\libhal_bsp.a(alt_exit.o)

.debug_frame    0x0000000000000000     0x1500
 *(.debug_frame)
 .debug_frame   0x0000000000000000       0xc8 obj/default/hello_world.o
 .debug_frame   0x00000000000000c8       0x48 c:/intelfpga_lite/18.1/nios2eds/bin/gnu/h-x86_64-mingw32/bin/../lib/gcc/nios2-elf/5.3.0/../../../../../H-x86_64-mingw32/nios2-elf/lib/mno-hw-mul\libsmallc.a(lib_a-printf.o)
 .debug_frame   0x0000000000000110       0x48 c:/intelfpga_lite/18.1/nios2eds/bin/gnu/h-x86_64-mingw32/bin/../lib/gcc/nios2-elf/5.3.0/../../../../../H-x86_64-mingw32/nios2-elf/lib/mno-hw-mul\libsmallc.a(lib_a-puts.o)
 .debug_frame   0x0000000000000158       0x20 c:/intelfpga_lite/18.1/nios2eds/bin/gnu/h-x86_64-mingw32/bin/../lib/gcc/nios2-elf/5.3.0/../../../../../H-x86_64-mingw32/nios2-elf/lib/mno-hw-mul\libsmallc.a(lib_a-strlen.o)
 .debug_frame   0x0000000000000178       0x8c c:/intelfpga_lite/18.1/nios2eds/bin/gnu/h-x86_64-mingw32/bin/../lib/gcc/nios2-elf/5.3.0/../../../../../H-x86_64-mingw32/nios2-elf/lib/mno-hw-mul\libsmallc.a(lib_a-vfprintf.o)
 .debug_frame   0x0000000000000204       0x58 c:/intelfpga_lite/18.1/nios2eds/bin/gnu/h-x86_64-mingw32/bin/../lib/gcc/nios2-elf/5.3.0/../../../../../H-x86_64-mingw32/nios2-elf/lib/mno-hw-mul\libsmallc.a(lib_a-fvwrite_small_dev.o)
 .debug_frame   0x000000000000025c       0x38 c:/intelfpga_lite/18.1/nios2eds/bin/gnu/h-x86_64-mingw32/bin/../lib/gcc/nios2-elf/5.3.0/../../../../../H-x86_64-mingw32/nios2-elf/lib/mno-hw-mul\libsmallc.a(lib_a-writer.o)
 .debug_frame   0x0000000000000294       0x50 c:/intelfpga_lite/18.1/nios2eds/bin/gnu/h-x86_64-mingw32/bin/../lib/gcc/nios2-elf/5.3.0/mno-hw-mul\libgcc.a(lib2-divmod.o)
 .debug_frame   0x00000000000002e4       0x20 c:/intelfpga_lite/18.1/nios2eds/bin/gnu/h-x86_64-mingw32/bin/../lib/gcc/nios2-elf/5.3.0/mno-hw-mul\libgcc.a(lib2-mul.o)
 .debug_frame   0x0000000000000304       0xa4 ../vga_bsp/\libhal_bsp.a(alt_iic.o)
 .debug_frame   0x00000000000003a8       0x38 ../vga_bsp/\libhal_bsp.a(alt_iic_isr_register.o)
 .debug_frame   0x00000000000003e0       0x38 ../vga_bsp/\libhal_bsp.a(alt_irq_handler.o)
 .debug_frame   0x0000000000000418       0x5c ../vga_bsp/\libhal_bsp.a(alt_load.o)
 .debug_frame   0x0000000000000474       0x2c ../vga_bsp/\libhal_bsp.a(alt_main.o)
 .debug_frame   0x00000000000004a0       0x38 ../vga_bsp/\libhal_bsp.a(alt_usleep.o)
 .debug_frame   0x00000000000004d8       0x60 ../vga_bsp/\libhal_bsp.a(alt_write.o)
 .debug_frame   0x0000000000000538       0x88 ../vga_bsp/\libhal_bsp.a(alt_sys_init.o)
 .debug_frame   0x00000000000005c0      0x5dc ../vga_bsp/\libhal_bsp.a(altera_avalon_i2c.o)
 .debug_frame   0x0000000000000b9c       0xb0 ../vga_bsp/\libhal_bsp.a(altera_avalon_jtag_uart_fd.o)
 .debug_frame   0x0000000000000c4c       0xa4 ../vga_bsp/\libhal_bsp.a(altera_avalon_jtag_uart_init.o)
 .debug_frame   0x0000000000000cf0       0x34 ../vga_bsp/\libhal_bsp.a(altera_avalon_jtag_uart_ioctl.o)
 .debug_frame   0x0000000000000d24       0x38 ../vga_bsp/\libhal_bsp.a(altera_avalon_jtag_uart_read.o)
 .debug_frame   0x0000000000000d5c       0x38 ../vga_bsp/\libhal_bsp.a(altera_avalon_jtag_uart_write.o)
 .debug_frame   0x0000000000000d94       0x60 ../vga_bsp/\libhal_bsp.a(altera_avalon_timer_sc.o)
 .debug_frame   0x0000000000000df4       0x34 ../vga_bsp/\libhal_bsp.a(alt_alarm_start.o)
 .debug_frame   0x0000000000000e28       0x38 ../vga_bsp/\libhal_bsp.a(alt_busy_sleep.o)
 .debug_frame   0x0000000000000e60       0x60 ../vga_bsp/\libhal_bsp.a(alt_close.o)
 .debug_frame   0x0000000000000ec0       0x34 ../vga_bsp/\libhal_bsp.a(alt_dcache_flush_all.o)
 .debug_frame   0x0000000000000ef4       0x34 ../vga_bsp/\libhal_bsp.a(alt_dev.o)
 .debug_frame   0x0000000000000f28       0x60 ../vga_bsp/\libhal_bsp.a(alt_dev_llist_insert.o)
 .debug_frame   0x0000000000000f88       0x38 ../vga_bsp/\libhal_bsp.a(alt_do_ctors.o)
 .debug_frame   0x0000000000000fc0       0x38 ../vga_bsp/\libhal_bsp.a(alt_do_dtors.o)
 .debug_frame   0x0000000000000ff8       0x38 ../vga_bsp/\libhal_bsp.a(alt_find_dev.o)
 .debug_frame   0x0000000000001030       0x34 ../vga_bsp/\libhal_bsp.a(alt_icache_flush_all.o)
 .debug_frame   0x0000000000001064       0x5c ../vga_bsp/\libhal_bsp.a(alt_instruction_exception_entry.o)
 .debug_frame   0x00000000000010c0       0x64 ../vga_bsp/\libhal_bsp.a(alt_io_redirect.o)
 .debug_frame   0x0000000000001124       0x8c ../vga_bsp/\libhal_bsp.a(alt_open.o)
 .debug_frame   0x00000000000011b0       0x38 ../vga_bsp/\libhal_bsp.a(alt_printf.o)
 .debug_frame   0x00000000000011e8       0x38 ../vga_bsp/\libhal_bsp.a(alt_putchar.o)
 .debug_frame   0x0000000000001220       0x3c ../vga_bsp/\libhal_bsp.a(alt_release_fd.o)
 .debug_frame   0x000000000000125c       0x5c ../vga_bsp/\libhal_bsp.a(alt_tick.o)
 .debug_frame   0x00000000000012b8       0x34 ../vga_bsp/\libhal_bsp.a(altera_nios2_gen2_irq.o)
 .debug_frame   0x00000000000012ec       0x38 ../vga_bsp/\libhal_bsp.a(alt_find_file.o)
 .debug_frame   0x0000000000001324       0x3c ../vga_bsp/\libhal_bsp.a(alt_get_fd.o)
 .debug_frame   0x0000000000001360       0x20 c:/intelfpga_lite/18.1/nios2eds/bin/gnu/h-x86_64-mingw32/bin/../lib/gcc/nios2-elf/5.3.0/../../../../../H-x86_64-mingw32/nios2-elf/lib/mno-hw-mul\libsmallc.a(lib_a-atexit.o)
 .debug_frame   0x0000000000001380       0x28 c:/intelfpga_lite/18.1/nios2eds/bin/gnu/h-x86_64-mingw32/bin/../lib/gcc/nios2-elf/5.3.0/../../../../../H-x86_64-mingw32/nios2-elf/lib/mno-hw-mul\libsmallc.a(lib_a-exit.o)
 .debug_frame   0x00000000000013a8       0x20 c:/intelfpga_lite/18.1/nios2eds/bin/gnu/h-x86_64-mingw32/bin/../lib/gcc/nios2-elf/5.3.0/../../../../../H-x86_64-mingw32/nios2-elf/lib/mno-hw-mul\libsmallc.a(lib_a-memcmp.o)
 .debug_frame   0x00000000000013c8       0x20 c:/intelfpga_lite/18.1/nios2eds/bin/gnu/h-x86_64-mingw32/bin/../lib/gcc/nios2-elf/5.3.0/../../../../../H-x86_64-mingw32/nios2-elf/lib/mno-hw-mul\libsmallc.a(lib_a-memcpy.o)
 .debug_frame   0x00000000000013e8       0x50 c:/intelfpga_lite/18.1/nios2eds/bin/gnu/h-x86_64-mingw32/bin/../lib/gcc/nios2-elf/5.3.0/../../../../../H-x86_64-mingw32/nios2-elf/lib/mno-hw-mul\libsmallc.a(lib_a-putc.o)
 .debug_frame   0x0000000000001438       0x48 c:/intelfpga_lite/18.1/nios2eds/bin/gnu/h-x86_64-mingw32/bin/../lib/gcc/nios2-elf/5.3.0/../../../../../H-x86_64-mingw32/nios2-elf/lib/mno-hw-mul\libsmallc.a(lib_a-__atexit.o)
 .debug_frame   0x0000000000001480       0x54 c:/intelfpga_lite/18.1/nios2eds/bin/gnu/h-x86_64-mingw32/bin/../lib/gcc/nios2-elf/5.3.0/../../../../../H-x86_64-mingw32/nios2-elf/lib/mno-hw-mul\libsmallc.a(lib_a-__call_atexit.o)
 .debug_frame   0x00000000000014d4       0x2c ../vga_bsp/\libhal_bsp.a(alt_exit.o)

.debug_str      0x0000000000000000     0x2cac
 *(.debug_str)
 .debug_str     0x0000000000000000      0x336 obj/default/hello_world.o
                                        0x39c (size before relaxing)